Archive member included to satisfy reference by file (symbol)

c:/progra~1/gcc-ar~1.10/bin/../lib/gcc/arm-none-eabi/10.3.1/thumb/v7e-m/nofp\libgcc.a(_aeabi_uldivmod.o)
                              CMakeFiles/VLC_TX_GD32.elf.dir/Drivers/STM32F4xx_HAL_Driver/Src/stm32f4xx_hal_rcc.c.obj (__aeabi_uldivmod)
c:/progra~1/gcc-ar~1.10/bin/../lib/gcc/arm-none-eabi/10.3.1/thumb/v7e-m/nofp\libgcc.a(_udivmoddi4.o)
                              c:/progra~1/gcc-ar~1.10/bin/../lib/gcc/arm-none-eabi/10.3.1/thumb/v7e-m/nofp\libgcc.a(_aeabi_uldivmod.o) (__udivmoddi4)
c:/progra~1/gcc-ar~1.10/bin/../lib/gcc/arm-none-eabi/10.3.1/thumb/v7e-m/nofp\libgcc.a(_dvmd_tls.o)
                              c:/progra~1/gcc-ar~1.10/bin/../lib/gcc/arm-none-eabi/10.3.1/thumb/v7e-m/nofp\libgcc.a(_aeabi_uldivmod.o) (__aeabi_ldiv0)
c:/progra~1/gcc-ar~1.10/bin/../lib/gcc/arm-none-eabi/10.3.1/../../../../arm-none-eabi/lib/thumb/v7e-m/nofp\libg.a(lib_a-errno.o)
                              CMakeFiles/VLC_TX_GD32.elf.dir/Src/syscalls.c.obj (__errno)
c:/progra~1/gcc-ar~1.10/bin/../lib/gcc/arm-none-eabi/10.3.1/../../../../arm-none-eabi/lib/thumb/v7e-m/nofp\libg.a(lib_a-exit.o)
                              c:/progra~1/gcc-ar~1.10/bin/../lib/gcc/arm-none-eabi/10.3.1/../../../../arm-none-eabi/lib/thumb/v7e-m/nofp/crt0.o (exit)
c:/progra~1/gcc-ar~1.10/bin/../lib/gcc/arm-none-eabi/10.3.1/../../../../arm-none-eabi/lib/thumb/v7e-m/nofp\libg.a(lib_a-impure.o)
                              c:/progra~1/gcc-ar~1.10/bin/../lib/gcc/arm-none-eabi/10.3.1/../../../../arm-none-eabi/lib/thumb/v7e-m/nofp\libg.a(lib_a-exit.o) (_global_impure_ptr)
c:/progra~1/gcc-ar~1.10/bin/../lib/gcc/arm-none-eabi/10.3.1/../../../../arm-none-eabi/lib/thumb/v7e-m/nofp\libg.a(lib_a-init.o)
                              c:/progra~1/gcc-ar~1.10/bin/../lib/gcc/arm-none-eabi/10.3.1/../../../../arm-none-eabi/lib/thumb/v7e-m/nofp/crt0.o (__libc_init_array)
c:/progra~1/gcc-ar~1.10/bin/../lib/gcc/arm-none-eabi/10.3.1/../../../../arm-none-eabi/lib/thumb/v7e-m/nofp\libg.a(lib_a-memset.o)
                              c:/progra~1/gcc-ar~1.10/bin/../lib/gcc/arm-none-eabi/10.3.1/../../../../arm-none-eabi/lib/thumb/v7e-m/nofp/crt0.o (memset)
c:/progra~1/gcc-ar~1.10/bin/../lib/gcc/arm-none-eabi/10.3.1/../../../../arm-none-eabi/lib/thumb/v7e-m/nofp\libg.a(lib_a-strlen.o)
                              CMakeFiles/VLC_TX_GD32.elf.dir/VLC_Drivers/Src/VLC_encoder.c.obj (strlen)
c:/progra~1/gcc-ar~1.10/bin/../lib/gcc/arm-none-eabi/10.3.1/../../../../arm-none-eabi/lib/thumb/v7e-m/nofp\libg.a(lib_a-__call_atexit.o)
                              c:/progra~1/gcc-ar~1.10/bin/../lib/gcc/arm-none-eabi/10.3.1/../../../../arm-none-eabi/lib/thumb/v7e-m/nofp\libg.a(lib_a-exit.o) (__call_exitprocs)
c:/progra~1/gcc-ar~1.10/bin/../lib/gcc/arm-none-eabi/10.3.1/../../../../arm-none-eabi/lib/thumb/v7e-m/nofp\libg.a(lib_a-atexit.o)
                              c:/progra~1/gcc-ar~1.10/bin/../lib/gcc/arm-none-eabi/10.3.1/../../../../arm-none-eabi/lib/thumb/v7e-m/nofp\libg.a(lib_a-__call_atexit.o) (atexit)
c:/progra~1/gcc-ar~1.10/bin/../lib/gcc/arm-none-eabi/10.3.1/../../../../arm-none-eabi/lib/thumb/v7e-m/nofp\libg.a(lib_a-fini.o)
                              c:/progra~1/gcc-ar~1.10/bin/../lib/gcc/arm-none-eabi/10.3.1/../../../../arm-none-eabi/lib/thumb/v7e-m/nofp\libg.a(lib_a-__call_atexit.o) (__libc_fini_array)
c:/progra~1/gcc-ar~1.10/bin/../lib/gcc/arm-none-eabi/10.3.1/../../../../arm-none-eabi/lib/thumb/v7e-m/nofp\libg.a(lib_a-lock.o)
                              c:/progra~1/gcc-ar~1.10/bin/../lib/gcc/arm-none-eabi/10.3.1/../../../../arm-none-eabi/lib/thumb/v7e-m/nofp\libg.a(lib_a-__call_atexit.o) (__retarget_lock_acquire_recursive)
c:/progra~1/gcc-ar~1.10/bin/../lib/gcc/arm-none-eabi/10.3.1/../../../../arm-none-eabi/lib/thumb/v7e-m/nofp\libg.a(lib_a-__atexit.o)
                              c:/progra~1/gcc-ar~1.10/bin/../lib/gcc/arm-none-eabi/10.3.1/../../../../arm-none-eabi/lib/thumb/v7e-m/nofp\libg.a(lib_a-atexit.o) (__register_exitproc)

Discarded input sections

 .text          0x00000000        0x0 c:/progra~1/gcc-ar~1.10/bin/../lib/gcc/arm-none-eabi/10.3.1/thumb/v7e-m/nofp/crti.o
 .data          0x00000000        0x0 c:/progra~1/gcc-ar~1.10/bin/../lib/gcc/arm-none-eabi/10.3.1/thumb/v7e-m/nofp/crti.o
 .bss           0x00000000        0x0 c:/progra~1/gcc-ar~1.10/bin/../lib/gcc/arm-none-eabi/10.3.1/thumb/v7e-m/nofp/crti.o
 .data          0x00000000        0x4 c:/progra~1/gcc-ar~1.10/bin/../lib/gcc/arm-none-eabi/10.3.1/thumb/v7e-m/nofp/crtbegin.o
 .rodata        0x00000000       0x24 c:/progra~1/gcc-ar~1.10/bin/../lib/gcc/arm-none-eabi/10.3.1/thumb/v7e-m/nofp/crtbegin.o
 .text          0x00000000       0x7c c:/progra~1/gcc-ar~1.10/bin/../lib/gcc/arm-none-eabi/10.3.1/../../../../arm-none-eabi/lib/thumb/v7e-m/nofp/crt0.o
 .data          0x00000000        0x0 c:/progra~1/gcc-ar~1.10/bin/../lib/gcc/arm-none-eabi/10.3.1/../../../../arm-none-eabi/lib/thumb/v7e-m/nofp/crt0.o
[...]
Memory Configuration

Name             Origin             Length             Attributes
CCMRAM           0x10000000         0x00010000         xrw
RAM              0x20000000         0x00030000         xrw
FLASH            0x08000000         0x00200000         xr
*default*        0x00000000         0xffffffff

Linker script and memory map

LOAD c:/progra~1/gcc-ar~1.10/bin/../lib/gcc/arm-none-eabi/10.3.1/thumb/v7e-m/nofp/crti.o
LOAD c:/progra~1/gcc-ar~1.10/bin/../lib/gcc/arm-none-eabi/10.3.1/thumb/v7e-m/nofp/crtbegin.o
LOAD c:/progra~1/gcc-ar~1.10/bin/../lib/gcc/arm-none-eabi/10.3.1/../../../../arm-none-eabi/lib/thumb/v7e-m/nofp/crt0.o
LOAD CMakeFiles/VLC_TX_GD32.elf.dir/Drivers/STM32F4xx_HAL_Driver/Src/stm32f4xx_hal.c.obj
LOAD CMakeFiles/VLC_TX_GD32.elf.dir/Drivers/STM32F4xx_HAL_Driver/Src/stm32f4xx_hal_cortex.c.obj
LOAD CMakeFiles/VLC_TX_GD32.elf.dir/Drivers/STM32F4xx_HAL_Driver/Src/stm32f4xx_hal_dma.c.obj
LOAD CMakeFiles/VLC_TX_GD32.elf.dir/Drivers/STM32F4xx_HAL_Driver/Src/stm32f4xx_hal_dma_ex.c.obj
LOAD CMakeFiles/VLC_TX_GD32.elf.dir/Drivers/STM32F4xx_HAL_Driver/Src/stm32f4xx_hal_exti.c.obj
LOAD CMakeFiles/VLC_TX_GD32.elf.dir/Drivers/STM32F4xx_HAL_Driver/Src/stm32f4xx_hal_flash.c.obj
LOAD CMakeFiles/VLC_TX_GD32.elf.dir/Drivers/STM32F4xx_HAL_Driver/Src/stm32f4xx_hal_flash_ex.c.obj
LOAD CMakeFiles/VLC_TX_GD32.elf.dir/Drivers/STM32F4xx_HAL_Driver/Src/stm32f4xx_hal_flash_ramfunc.c.obj
LOAD CMakeFiles/VLC_TX_GD32.elf.dir/Drivers/STM32F4xx_HAL_Driver/Src/stm32f4xx_hal_gpio.c.obj
LOAD CMakeFiles/VLC_TX_GD32.elf.dir/Drivers/STM32F4xx_HAL_Driver/Src/stm32f4xx_hal_pwr.c.obj
LOAD CMakeFiles/VLC_TX_GD32.elf.dir/Drivers/STM32F4xx_HAL_Driver/Src/stm32f4xx_hal_pwr_ex.c.obj
LOAD CMakeFiles/VLC_TX_GD32.elf.dir/Drivers/STM32F4xx_HAL_Driver/Src/stm32f4xx_hal_rcc.c.obj
LOAD CMakeFiles/VLC_TX_GD32.elf.dir/Drivers/STM32F4xx_HAL_Driver/Src/stm32f4xx_hal_rcc_ex.c.obj
LOAD CMakeFiles/VLC_TX_GD32.elf.dir/Drivers/STM32F4xx_HAL_Driver/Src/stm32f4xx_hal_tim.c.obj
LOAD CMakeFiles/VLC_TX_GD32.elf.dir/Drivers/STM32F4xx_HAL_Driver/Src/stm32f4xx_hal_tim_ex.c.obj
LOAD CMakeFiles/VLC_TX_GD32.elf.dir/Drivers/STM32F4xx_HAL_Driver/Src/stm32f4xx_hal_uart.c.obj
LOAD CMakeFiles/VLC_TX_GD32.elf.dir/Src/dma.c.obj
LOAD CMakeFiles/VLC_TX_GD32.elf.dir/Src/gpio.c.obj
LOAD CMakeFiles/VLC_TX_GD32.elf.dir/Src/main.c.obj
LOAD CMakeFiles/VLC_TX_GD32.elf.dir/Src/stm32f4xx_hal_msp.c.obj
LOAD CMakeFiles/VLC_TX_GD32.elf.dir/Src/stm32f4xx_it.c.obj
LOAD CMakeFiles/VLC_TX_GD32.elf.dir/Src/syscalls.c.obj
LOAD CMakeFiles/VLC_TX_GD32.elf.dir/Src/sysmem.c.obj
LOAD CMakeFiles/VLC_TX_GD32.elf.dir/Src/system_stm32f4xx.c.obj
LOAD CMakeFiles/VLC_TX_GD32.elf.dir/Src/tim.c.obj
LOAD CMakeFiles/VLC_TX_GD32.elf.dir/Src/usart.c.obj
LOAD CMakeFiles/VLC_TX_GD32.elf.dir/Startup/startup_stm32f427vitx.s.obj
LOAD CMakeFiles/VLC_TX_GD32.elf.dir/VLC_Drivers/Src/VLC_decoder.c.obj
LOAD CMakeFiles/VLC_TX_GD32.elf.dir/VLC_Drivers/Src/VLC_encoder.c.obj
LOAD CMakeFiles/VLC_TX_GD32.elf.dir/VLC_Drivers/Src/VLC_receiver.c.obj
LOAD CMakeFiles/VLC_TX_GD32.elf.dir/VLC_Drivers/Src/VLC_timer.c.obj
LOAD CMakeFiles/VLC_TX_GD32.elf.dir/VLC_Drivers/Src/VLC_transmitter.c.obj
LOAD CMakeFiles/VLC_TX_GD32.elf.dir/Vehicle_Drivers/Src/vehicle_gpio_motor.c.obj
LOAD CMakeFiles/VLC_TX_GD32.elf.dir/Vehicle_Drivers/Src/vehicle_motor.c.obj
LOAD CMakeFiles/VLC_TX_GD32.elf.dir/Vehicle_Drivers/Src/vehicle_servo.c.obj
START GROUP
LOAD c:/progra~1/gcc-ar~1.10/bin/../lib/gcc/arm-none-eabi/10.3.1/thumb/v7e-m/nofp\libgcc.a
LOAD c:/progra~1/gcc-ar~1.10/bin/../lib/gcc/arm-none-eabi/10.3.1/../../../../arm-none-eabi/lib/thumb/v7e-m/nofp\libg.a
LOAD c:/progra~1/gcc-ar~1.10/bin/../lib/gcc/arm-none-eabi/10.3.1/../../../../arm-none-eabi/lib/thumb/v7e-m/nofp\libc.a
END GROUP
LOAD c:/progra~1/gcc-ar~1.10/bin/../lib/gcc/arm-none-eabi/10.3.1/thumb/v7e-m/nofp/crtend.o
LOAD c:/progra~1/gcc-ar~1.10/bin/../lib/gcc/arm-none-eabi/10.3.1/thumb/v7e-m/nofp/crtn.o
                0x20030000                _estack = (ORIGIN (RAM) + LENGTH (RAM))
                0x00000200                _Min_Heap_Size = 0x200
                0x00000400                _Min_Stack_Size = 0x400

.isr_vector     0x08000000      0x1ac
                0x08000000                . = ALIGN (0x4)
 *(.isr_vector)
 .isr_vector    0x08000000      0x1ac CMakeFiles/VLC_TX_GD32.elf.dir/Startup/startup_stm32f427vitx.s.obj
                0x08000000                g_pfnVectors
                0x080001ac                . = ALIGN (0x4)

.text           0x080001ac     0x3084
                0x080001ac                . = ALIGN (0x4)
 *(.text)
 .text          0x080001ac       0x40 c:/progra~1/gcc-ar~1.10/bin/../lib/gcc/arm-none-eabi/10.3.1/thumb/v7e-m/nofp/crtbegin.o
 .text          0x080001ec       0x30 c:/progra~1/gcc-ar~1.10/bin/../lib/gcc/arm-none-eabi/10.3.1/thumb/v7e-m/nofp\libgcc.a(_aeabi_uldivmod.o)
                0x080001ec                __aeabi_uldivmod
 .text          0x0800021c      0x2d0 c:/progra~1/gcc-ar~1.10/bin/../lib/gcc/arm-none-eabi/10.3.1/thumb/v7e-m/nofp\libgcc.a(_udivmoddi4.o)
                0x0800021c                __udivmoddi4
 .text          0x080004ec        0x4 c:/progra~1/gcc-ar~1.10/bin/../lib/gcc/arm-none-eabi/10.3.1/thumb/v7e-m/nofp\libgcc.a(_dvmd_tls.o)
                0x080004ec                __aeabi_idiv0
                0x080004ec                __aeabi_ldiv0
 *(.text*)
 .text.HAL_InitTick
                0x080004f0       0x4c CMakeFiles/VLC_TX_GD32.elf.dir/Drivers/STM32F4xx_HAL_Driver/Src/stm32f4xx_hal.c.obj
                0x080004f0                HAL_InitTick
 .text.HAL_Init
                0x0800053c       0x34 CMakeFiles/VLC_TX_GD32.elf.dir/Drivers/STM32F4xx_HAL_Driver/Src/stm32f4xx_hal.c.obj
                0x0800053c                HAL_Init
 .text.HAL_IncTick
                0x08000570       0x18 CMakeFiles/VLC_TX_GD32.elf.dir/Drivers/STM32F4xx_HAL_Driver/Src/stm32f4xx_hal.c.obj
                0x08000570                HAL_IncTick
 .text.HAL_GetTick
                0x08000588        0xc CMakeFiles/VLC_TX_GD32.elf.dir/Drivers/STM32F4xx_HAL_Driver/Src/stm32f4xx_hal.c.obj
                0x08000588                HAL_GetTick
 .text.HAL_NVIC_SetPriorityGrouping
                0x08000594       0x24 CMakeFiles/VLC_TX_GD32.elf.dir/Drivers/STM32F4xx_HAL_Driver/Src/stm32f4xx_hal_cortex.c.obj
                0x08000594                HAL_NVIC_SetPriorityGrouping
 .text.HAL_NVIC_SetPriority
                0x080005b8       0x70 CMakeFiles/VLC_TX_GD32.elf.dir/Drivers/STM32F4xx_HAL_Driver/Src/stm32f4xx_hal_cortex.c.obj
                0x080005b8                HAL_NVIC_SetPriority
 .text.HAL_NVIC_EnableIRQ
                0x08000628       0x1c CMakeFiles/VLC_TX_GD32.elf.dir/Drivers/STM32F4xx_HAL_Driver/Src/stm32f4xx_hal_cortex.c.obj
                0x08000628                HAL_NVIC_EnableIRQ
 .text.HAL_NVIC_DisableIRQ
                0x08000644       0x24 CMakeFiles/VLC_TX_GD32.elf.dir/Drivers/STM32F4xx_HAL_Driver/Src/stm32f4xx_hal_cortex.c.obj
                0x08000644                HAL_NVIC_DisableIRQ
 .text.HAL_SYSTICK_Config
                0x08000668       0x28 CMakeFiles/VLC_TX_GD32.elf.dir/Drivers/STM32F4xx_HAL_Driver/Src/stm32f4xx_hal_cortex.c.obj
                0x08000668                HAL_SYSTICK_Config
 .text.DMA_SetConfig
                0x08000690       0x2c CMakeFiles/VLC_TX_GD32.elf.dir/Drivers/STM32F4xx_HAL_Driver/Src/stm32f4xx_hal_dma.c.obj
 .text.DMA_CalcBaseAndBitshift
                0x080006bc       0x40 CMakeFiles/VLC_TX_GD32.elf.dir/Drivers/STM32F4xx_HAL_Driver/Src/stm32f4xx_hal_dma.c.obj
 .text.DMA_CheckFifoParam
                0x080006fc       0x8e CMakeFiles/VLC_TX_GD32.elf.dir/Drivers/STM32F4xx_HAL_Driver/Src/stm32f4xx_hal_dma.c.obj
 *fill*         0x0800078a        0x2 
 .text.HAL_DMA_Init
                0x0800078c       0xcc CMakeFiles/VLC_TX_GD32.elf.dir/Drivers/STM32F4xx_HAL_Driver/Src/stm32f4xx_hal_dma.c.obj
                0x0800078c                HAL_DMA_Init
 .text.HAL_DMA_Start_IT
                0x08000858       0x6a CMakeFiles/VLC_TX_GD32.elf.dir/Drivers/STM32F4xx_HAL_Driver/Src/stm32f4xx_hal_dma.c.obj
                0x08000858                HAL_DMA_Start_IT
 .text.HAL_DMA_Abort
                0x080008c2       0x94 CMakeFiles/VLC_TX_GD32.elf.dir/Drivers/STM32F4xx_HAL_Driver/Src/stm32f4xx_hal_dma.c.obj
                0x080008c2                HAL_DMA_Abort
 .text.HAL_DMA_Abort_IT
                0x08000956       0x26 CMakeFiles/VLC_TX_GD32.elf.dir/Drivers/STM32F4xx_HAL_Driver/Src/stm32f4xx_hal_dma.c.obj
                0x08000956                HAL_DMA_Abort_IT
 .text.HAL_DMA_IRQHandler
                0x0800097c      0x1dc CMakeFiles/VLC_TX_GD32.elf.dir/Drivers/STM32F4xx_HAL_Driver/Src/stm32f4xx_hal_dma.c.obj
                0x0800097c                HAL_DMA_IRQHandler
 .text.HAL_GPIO_Init
                0x08000b58      0x1fc CMakeFiles/VLC_TX_GD32.elf.dir/Drivers/STM32F4xx_HAL_Driver/Src/stm32f4xx_hal_gpio.c.obj
                0x08000b58                HAL_GPIO_Init
 .text.HAL_GPIO_WritePin
                0x08000d54        0xc CMakeFiles/VLC_TX_GD32.elf.dir/Drivers/STM32F4xx_HAL_Driver/Src/stm32f4xx_hal_gpio.c.obj
                0x08000d54                HAL_GPIO_WritePin
 .text.HAL_GPIO_EXTI_IRQHandler
                0x08000d60       0x1c CMakeFiles/VLC_TX_GD32.elf.dir/Drivers/STM32F4xx_HAL_Driver/Src/stm32f4xx_hal_gpio.c.obj
                0x08000d60                HAL_GPIO_EXTI_IRQHandler
 .text.HAL_PWREx_EnableOverDrive
                0x08000d7c       0x7c CMakeFiles/VLC_TX_GD32.elf.dir/Drivers/STM32F4xx_HAL_Driver/Src/stm32f4xx_hal_pwr_ex.c.obj
                0x08000d7c                HAL_PWREx_EnableOverDrive
 .text.HAL_RCC_OscConfig
                0x08000df8      0x3f8 CMakeFiles/VLC_TX_GD32.elf.dir/Drivers/STM32F4xx_HAL_Driver/Src/stm32f4xx_hal_rcc.c.obj
                0x08000df8                HAL_RCC_OscConfig
 .text.HAL_RCC_GetSysClockFreq
                0x080011f0       0xd4 CMakeFiles/VLC_TX_GD32.elf.dir/Drivers/STM32F4xx_HAL_Driver/Src/stm32f4xx_hal_rcc.c.obj
                0x080011f0                HAL_RCC_GetSysClockFreq
 .text.HAL_RCC_ClockConfig
                0x080012c4      0x160 CMakeFiles/VLC_TX_GD32.elf.dir/Drivers/STM32F4xx_HAL_Driver/Src/stm32f4xx_hal_rcc.c.obj
                0x080012c4                HAL_RCC_ClockConfig
 .text.HAL_RCC_GetHCLKFreq
                0x08001424        0xc CMakeFiles/VLC_TX_GD32.elf.dir/Drivers/STM32F4xx_HAL_Driver/Src/stm32f4xx_hal_rcc.c.obj
                0x08001424                HAL_RCC_GetHCLKFreq
 .text.HAL_RCC_GetPCLK1Freq
                0x08001430       0x20 CMakeFiles/VLC_TX_GD32.elf.dir/Drivers/STM32F4xx_HAL_Driver/Src/stm32f4xx_hal_rcc.c.obj
                0x08001430                HAL_RCC_GetPCLK1Freq
 .text.HAL_RCC_GetPCLK2Freq
                0x08001450       0x20 CMakeFiles/VLC_TX_GD32.elf.dir/Drivers/STM32F4xx_HAL_Driver/Src/stm32f4xx_hal_rcc.c.obj
                0x08001450                HAL_RCC_GetPCLK2Freq
 .text.TIM_OC1_SetConfig
                0x08001470       0x68 CMakeFiles/VLC_TX_GD32.elf.dir/Drivers/STM32F4xx_HAL_Driver/Src/stm32f4xx_hal_tim.c.obj
 .text.TIM_OC3_SetConfig
                0x080014d8       0x70 CMakeFiles/VLC_TX_GD32.elf.dir/Drivers/STM32F4xx_HAL_Driver/Src/stm32f4xx_hal_tim.c.obj
 .text.TIM_OC4_SetConfig
                0x08001548       0x50 CMakeFiles/VLC_TX_GD32.elf.dir/Drivers/STM32F4xx_HAL_Driver/Src/stm32f4xx_hal_tim.c.obj
 .text.TIM_TI1_ConfigInputStage
                0x08001598       0x24 CMakeFiles/VLC_TX_GD32.elf.dir/Drivers/STM32F4xx_HAL_Driver/Src/stm32f4xx_hal_tim.c.obj
 .text.TIM_TI2_ConfigInputStage
                0x080015bc       0x26 CMakeFiles/VLC_TX_GD32.elf.dir/Drivers/STM32F4xx_HAL_Driver/Src/stm32f4xx_hal_tim.c.obj
 .text.TIM_ITRx_SetConfig
                0x080015e2       0x10 CMakeFiles/VLC_TX_GD32.elf.dir/Drivers/STM32F4xx_HAL_Driver/Src/stm32f4xx_hal_tim.c.obj
 *fill*         0x080015f2        0x2 
 .text.HAL_TIM_Base_Start_IT
                0x080015f4       0x88 CMakeFiles/VLC_TX_GD32.elf.dir/Drivers/STM32F4xx_HAL_Driver/Src/stm32f4xx_hal_tim.c.obj
                0x080015f4                HAL_TIM_Base_Start_IT
 .text.HAL_TIM_Base_Stop_IT
                0x0800167c       0x32 CMakeFiles/VLC_TX_GD32.elf.dir/Drivers/STM32F4xx_HAL_Driver/Src/stm32f4xx_hal_tim.c.obj
                0x0800167c                HAL_TIM_Base_Stop_IT
 .text.HAL_TIM_PWM_MspInit
                0x080016ae        0x2 CMakeFiles/VLC_TX_GD32.elf.dir/Drivers/STM32F4xx_HAL_Driver/Src/stm32f4xx_hal_tim.c.obj
                0x080016ae                HAL_TIM_PWM_MspInit
 .text.HAL_TIM_OC_DelayElapsedCallback
                0x080016b0        0x2 CMakeFiles/VLC_TX_GD32.elf.dir/Drivers/STM32F4xx_HAL_Driver/Src/stm32f4xx_hal_tim.c.obj
                0x080016b0                HAL_TIM_OC_DelayElapsedCallback
 .text.HAL_TIM_IC_CaptureCallback
                0x080016b2        0x2 CMakeFiles/VLC_TX_GD32.elf.dir/Drivers/STM32F4xx_HAL_Driver/Src/stm32f4xx_hal_tim.c.obj
                0x080016b2                HAL_TIM_IC_CaptureCallback
 .text.HAL_TIM_PWM_PulseFinishedCallback
                0x080016b4        0x2 CMakeFiles/VLC_TX_GD32.elf.dir/Drivers/STM32F4xx_HAL_Driver/Src/stm32f4xx_hal_tim.c.obj
                0x080016b4                HAL_TIM_PWM_PulseFinishedCallback
 .text.HAL_TIM_TriggerCallback
                0x080016b6        0x2 CMakeFiles/VLC_TX_GD32.elf.dir/Drivers/STM32F4xx_HAL_Driver/Src/stm32f4xx_hal_tim.c.obj
                0x080016b6                HAL_TIM_TriggerCallback
 .text.HAL_TIM_IRQHandler
                0x080016b8      0x17a CMakeFiles/VLC_TX_GD32.elf.dir/Drivers/STM32F4xx_HAL_Driver/Src/stm32f4xx_hal_tim.c.obj
                0x080016b8                HAL_TIM_IRQHandler
 *fill*         0x08001832        0x2 
 .text.TIM_Base_SetConfig
                0x08001834       0xc8 CMakeFiles/VLC_TX_GD32.elf.dir/Drivers/STM32F4xx_HAL_Driver/Src/stm32f4xx_hal_tim.c.obj
                0x08001834                TIM_Base_SetConfig
 .text.HAL_TIM_Base_Init
                0x080018fc       0x58 CMakeFiles/VLC_TX_GD32.elf.dir/Drivers/STM32F4xx_HAL_Driver/Src/stm32f4xx_hal_tim.c.obj
                0x080018fc                HAL_TIM_Base_Init
 .text.HAL_TIM_PWM_Init
                0x08001954       0x58 CMakeFiles/VLC_TX_GD32.elf.dir/Drivers/STM32F4xx_HAL_Driver/Src/stm32f4xx_hal_tim.c.obj
                0x08001954                HAL_TIM_PWM_Init
 .text.TIM_OC2_SetConfig
                0x080019ac       0x70 CMakeFiles/VLC_TX_GD32.elf.dir/Drivers/STM32F4xx_HAL_Driver/Src/stm32f4xx_hal_tim.c.obj
                0x080019ac                TIM_OC2_SetConfig
 .text.HAL_TIM_PWM_ConfigChannel
                0x08001a1c       0xdc CMakeFiles/VLC_TX_GD32.elf.dir/Drivers/STM32F4xx_HAL_Driver/Src/stm32f4xx_hal_tim.c.obj
                0x08001a1c                HAL_TIM_PWM_ConfigChannel
 .text.TIM_ETR_SetConfig
                0x08001af8       0x18 CMakeFiles/VLC_TX_GD32.elf.dir/Drivers/STM32F4xx_HAL_Driver/Src/stm32f4xx_hal_tim.c.obj
                0x08001af8                TIM_ETR_SetConfig
 .text.HAL_TIM_ConfigClockSource
                0x08001b10       0xfe CMakeFiles/VLC_TX_GD32.elf.dir/Drivers/STM32F4xx_HAL_Driver/Src/stm32f4xx_hal_tim.c.obj
                0x08001b10                HAL_TIM_ConfigClockSource
 .text.TIM_CCxChannelCmd
                0x08001c0e       0x1e CMakeFiles/VLC_TX_GD32.elf.dir/Drivers/STM32F4xx_HAL_Driver/Src/stm32f4xx_hal_tim.c.obj
                0x08001c0e                TIM_CCxChannelCmd
 .text.HAL_TIM_PWM_Start
                0x08001c2c      0x104 CMakeFiles/VLC_TX_GD32.elf.dir/Drivers/STM32F4xx_HAL_Driver/Src/stm32f4xx_hal_tim.c.obj
                0x08001c2c                HAL_TIM_PWM_Start
 .text.HAL_TIMEx_MasterConfigSynchronization
                0x08001d30       0x8c CMakeFiles/VLC_TX_GD32.elf.dir/Drivers/STM32F4xx_HAL_Driver/Src/stm32f4xx_hal_tim_ex.c.obj
                0x08001d30                HAL_TIMEx_MasterConfigSynchronization
 .text.HAL_TIMEx_CommutCallback
                0x08001dbc        0x2 CMakeFiles/VLC_TX_GD32.elf.dir/Drivers/STM32F4xx_HAL_Driver/Src/stm32f4xx_hal_tim_ex.c.obj
                0x08001dbc                HAL_TIMEx_CommutCallback
 .text.HAL_TIMEx_BreakCallback
                0x08001dbe        0x2 CMakeFiles/VLC_TX_GD32.elf.dir/Drivers/STM32F4xx_HAL_Driver/Src/stm32f4xx_hal_tim_ex.c.obj
                0x08001dbe                HAL_TIMEx_BreakCallback
 .text.UART_EndTxTransfer
                0x08001dc0       0x20 CMakeFiles/VLC_TX_GD32.elf.dir/Drivers/STM32F4xx_HAL_Driver/Src/stm32f4xx_hal_uart.c.obj
 .text.UART_EndRxTransfer
                0x08001de0       0x5c CMakeFiles/VLC_TX_GD32.elf.dir/Drivers/STM32F4xx_HAL_Driver/Src/stm32f4xx_hal_uart.c.obj
 .text.UART_Transmit_IT
                0x08001e3c       0x60 CMakeFiles/VLC_TX_GD32.elf.dir/Drivers/STM32F4xx_HAL_Driver/Src/stm32f4xx_hal_uart.c.obj
 .text.UART_SetConfig
                0x08001e9c      0x110 CMakeFiles/VLC_TX_GD32.elf.dir/Drivers/STM32F4xx_HAL_Driver/Src/stm32f4xx_hal_uart.c.obj
 .text.UART_WaitOnFlagUntilTimeout
                0x08001fac       0x88 CMakeFiles/VLC_TX_GD32.elf.dir/Drivers/STM32F4xx_HAL_Driver/Src/stm32f4xx_hal_uart.c.obj
 .text.HAL_UART_Init
                0x08002034       0x5e CMakeFiles/VLC_TX_GD32.elf.dir/Drivers/STM32F4xx_HAL_Driver/Src/stm32f4xx_hal_uart.c.obj
                0x08002034                HAL_UART_Init
 .text.HAL_UART_Transmit
                0x08002092       0xd8 CMakeFiles/VLC_TX_GD32.elf.dir/Drivers/STM32F4xx_HAL_Driver/Src/stm32f4xx_hal_uart.c.obj
                0x08002092                HAL_UART_Transmit
 *fill*         0x0800216a        0x2 
 .text.HAL_UART_Transmit_DMA
                0x0800216c       0x9c CMakeFiles/VLC_TX_GD32.elf.dir/Drivers/STM32F4xx_HAL_Driver/Src/stm32f4xx_hal_uart.c.obj
                0x0800216c                HAL_UART_Transmit_DMA
 .text.HAL_UART_TxCpltCallback
                0x08002208        0x2 CMakeFiles/VLC_TX_GD32.elf.dir/Drivers/STM32F4xx_HAL_Driver/Src/stm32f4xx_hal_uart.c.obj
                0x08002208                HAL_UART_TxCpltCallback
 .text.UART_DMATransmitCplt
                0x0800220a       0x4c CMakeFiles/VLC_TX_GD32.elf.dir/Drivers/STM32F4xx_HAL_Driver/Src/stm32f4xx_hal_uart.c.obj
 .text.UART_EndTransmit_IT
                0x08002256       0x1a CMakeFiles/VLC_TX_GD32.elf.dir/Drivers/STM32F4xx_HAL_Driver/Src/stm32f4xx_hal_uart.c.obj
 .text.HAL_UART_TxHalfCpltCallback
                0x08002270        0x2 CMakeFiles/VLC_TX_GD32.elf.dir/Drivers/STM32F4xx_HAL_Driver/Src/stm32f4xx_hal_uart.c.obj
                0x08002270                HAL_UART_TxHalfCpltCallback
 .text.UART_DMATxHalfCplt
                0x08002272        0xa CMakeFiles/VLC_TX_GD32.elf.dir/Drivers/STM32F4xx_HAL_Driver/Src/stm32f4xx_hal_uart.c.obj
 .text.HAL_UART_RxCpltCallback
                0x0800227c        0x2 CMakeFiles/VLC_TX_GD32.elf.dir/Drivers/STM32F4xx_HAL_Driver/Src/stm32f4xx_hal_uart.c.obj
                0x0800227c                HAL_UART_RxCpltCallback
 .text.HAL_UART_ErrorCallback
                0x0800227e        0x2 CMakeFiles/VLC_TX_GD32.elf.dir/Drivers/STM32F4xx_HAL_Driver/Src/stm32f4xx_hal_uart.c.obj
                0x0800227e                HAL_UART_ErrorCallback
 .text.UART_DMAError
                0x08002280       0x58 CMakeFiles/VLC_TX_GD32.elf.dir/Drivers/STM32F4xx_HAL_Driver/Src/stm32f4xx_hal_uart.c.obj
 .text.UART_DMAAbortOnError
                0x080022d8       0x10 CMakeFiles/VLC_TX_GD32.elf.dir/Drivers/STM32F4xx_HAL_Driver/Src/stm32f4xx_hal_uart.c.obj
 .text.HAL_UARTEx_RxEventCallback
                0x080022e8        0x2 CMakeFiles/VLC_TX_GD32.elf.dir/Drivers/STM32F4xx_HAL_Driver/Src/stm32f4xx_hal_uart.c.obj
                0x080022e8                HAL_UARTEx_RxEventCallback
 .text.UART_Receive_IT
                0x080022ea       0xe2 CMakeFiles/VLC_TX_GD32.elf.dir/Drivers/STM32F4xx_HAL_Driver/Src/stm32f4xx_hal_uart.c.obj
 .text.HAL_UART_IRQHandler
                0x080023cc      0x280 CMakeFiles/VLC_TX_GD32.elf.dir/Drivers/STM32F4xx_HAL_Driver/Src/stm32f4xx_hal_uart.c.obj
                0x080023cc                HAL_UART_IRQHandler
 .text.MX_DMA_Init
                0x0800264c       0x44 CMakeFiles/VLC_TX_GD32.elf.dir/Src/dma.c.obj
                0x0800264c                MX_DMA_Init
 .text.MX_GPIO_Init
                0x08002690       0xf8 CMakeFiles/VLC_TX_GD32.elf.dir/Src/gpio.c.obj
                0x08002690                MX_GPIO_Init
 .text.Error_Handler
                0x08002788       0x1c CMakeFiles/VLC_TX_GD32.elf.dir/Src/main.c.obj
                0x08002788                Error_Handler
 .text.SystemClock_Config
                0x080027a4       0xb0 CMakeFiles/VLC_TX_GD32.elf.dir/Src/main.c.obj
                0x080027a4                SystemClock_Config
 .text.main     0x08002854       0x60 CMakeFiles/VLC_TX_GD32.elf.dir/Src/main.c.obj
                0x08002854                main
 .text.HAL_MspInit
                0x080028b4       0x38 CMakeFiles/VLC_TX_GD32.elf.dir/Src/stm32f4xx_hal_msp.c.obj
                0x080028b4                HAL_MspInit
 .text.NMI_Handler
                0x080028ec        0x2 CMakeFiles/VLC_TX_GD32.elf.dir/Src/stm32f4xx_it.c.obj
                0x080028ec                NMI_Handler
 .text.HardFault_Handler
                0x080028ee        0x2 CMakeFiles/VLC_TX_GD32.elf.dir/Src/stm32f4xx_it.c.obj
                0x080028ee                HardFault_Handler
 .text.MemManage_Handler
                0x080028f0        0x2 CMakeFiles/VLC_TX_GD32.elf.dir/Src/stm32f4xx_it.c.obj
                0x080028f0                MemManage_Handler
 .text.BusFault_Handler
                0x080028f2        0x2 CMakeFiles/VLC_TX_GD32.elf.dir/Src/stm32f4xx_it.c.obj
                0x080028f2                BusFault_Handler
 .text.UsageFault_Handler
                0x080028f4        0x2 CMakeFiles/VLC_TX_GD32.elf.dir/Src/stm32f4xx_it.c.obj
                0x080028f4                UsageFault_Handler
 .text.SVC_Handler
                0x080028f6        0x2 CMakeFiles/VLC_TX_GD32.elf.dir/Src/stm32f4xx_it.c.obj
                0x080028f6                SVC_Handler
 .text.DebugMon_Handler
                0x080028f8        0x2 CMakeFiles/VLC_TX_GD32.elf.dir/Src/stm32f4xx_it.c.obj
                0x080028f8                DebugMon_Handler
 .text.PendSV_Handler
                0x080028fa        0x2 CMakeFiles/VLC_TX_GD32.elf.dir/Src/stm32f4xx_it.c.obj
                0x080028fa                PendSV_Handler
 .text.SysTick_Handler
                0x080028fc        0x8 CMakeFiles/VLC_TX_GD32.elf.dir/Src/stm32f4xx_it.c.obj
                0x080028fc                SysTick_Handler
 .text.DMA1_Stream2_IRQHandler
                0x08002904       0x10 CMakeFiles/VLC_TX_GD32.elf.dir/Src/stm32f4xx_it.c.obj
                0x08002904                DMA1_Stream2_IRQHandler
 .text.DMA1_Stream4_IRQHandler
                0x08002914       0x10 CMakeFiles/VLC_TX_GD32.elf.dir/Src/stm32f4xx_it.c.obj
                0x08002914                DMA1_Stream4_IRQHandler
 .text.EXTI9_5_IRQHandler
                0x08002924        0xa CMakeFiles/VLC_TX_GD32.elf.dir/Src/stm32f4xx_it.c.obj
                0x08002924                EXTI9_5_IRQHandler
 *fill*         0x0800292e        0x2 
 .text.TIM4_IRQHandler
                0x08002930       0x10 CMakeFiles/VLC_TX_GD32.elf.dir/Src/stm32f4xx_it.c.obj
                0x08002930                TIM4_IRQHandler
 .text.UART4_IRQHandler
                0x08002940       0x10 CMakeFiles/VLC_TX_GD32.elf.dir/Src/stm32f4xx_it.c.obj
                0x08002940                UART4_IRQHandler
 .text.SystemInit
                0x08002950        0x2 CMakeFiles/VLC_TX_GD32.elf.dir/Src/system_stm32f4xx.c.obj
                0x08002950                SystemInit
 *fill*         0x08002952        0x2 
 .text.MX_TIM3_Init
                0x08002954       0x70 CMakeFiles/VLC_TX_GD32.elf.dir/Src/tim.c.obj
                0x08002954                MX_TIM3_Init
 .text.MX_TIM4_Init
                0x080029c4       0x70 CMakeFiles/VLC_TX_GD32.elf.dir/Src/tim.c.obj
                0x080029c4                MX_TIM4_Init
 .text.HAL_TIM_Base_MspInit
                0x08002a34       0x8c CMakeFiles/VLC_TX_GD32.elf.dir/Src/tim.c.obj
                0x08002a34                HAL_TIM_Base_MspInit
 .text.HAL_TIM_MspPostInit
                0x08002ac0       0x58 CMakeFiles/VLC_TX_GD32.elf.dir/Src/tim.c.obj
                0x08002ac0                HAL_TIM_MspPostInit
 .text.MX_TIM14_Init
                0x08002b18       0x78 CMakeFiles/VLC_TX_GD32.elf.dir/Src/tim.c.obj
                0x08002b18                MX_TIM14_Init
 .text.MX_UART4_Init
                0x08002b90       0x34 CMakeFiles/VLC_TX_GD32.elf.dir/Src/usart.c.obj
                0x08002b90                MX_UART4_Init
 .text.MX_USART1_UART_Init
                0x08002bc4       0x34 CMakeFiles/VLC_TX_GD32.elf.dir/Src/usart.c.obj
                0x08002bc4                MX_USART1_UART_Init
 .text.HAL_UART_MspInit
                0x08002bf8      0x150 CMakeFiles/VLC_TX_GD32.elf.dir/Src/usart.c.obj
                0x08002bf8                HAL_UART_MspInit
 .text.Reset_Handler
                0x08002d48       0x50 CMakeFiles/VLC_TX_GD32.elf.dir/Startup/startup_stm32f427vitx.s.obj
                0x08002d48                Reset_Handler
 .text.Default_Handler
                0x08002d98        0x2 CMakeFiles/VLC_TX_GD32.elf.dir/Startup/startup_stm32f427vitx.s.obj
                0x08002d98                RTC_Alarm_IRQHandler
                0x08002d98                HASH_RNG_IRQHandler
                0x08002d98                EXTI2_IRQHandler
                0x08002d98                TIM8_CC_IRQHandler
                0x08002d98                UART8_IRQHandler
                0x08002d98                SPI4_IRQHandler
                0x08002d98                TIM1_CC_IRQHandler
                0x08002d98                DMA2_Stream5_IRQHandler
                0x08002d98                DMA1_Stream5_IRQHandler
                0x08002d98                PVD_IRQHandler
                0x08002d98                SDIO_IRQHandler
                0x08002d98                TAMP_STAMP_IRQHandler
                0x08002d98                CAN2_RX1_IRQHandler
                0x08002d98                EXTI3_IRQHandler
                0x08002d98                TIM8_TRG_COM_TIM14_IRQHandler
                0x08002d98                TIM1_UP_TIM10_IRQHandler
                0x08002d98                TIM8_UP_TIM13_IRQHandler
                0x08002d98                I2C3_ER_IRQHandler
                0x08002d98                EXTI0_IRQHandler
                0x08002d98                I2C2_EV_IRQHandler
                0x08002d98                CAN1_RX0_IRQHandler
                0x08002d98                FPU_IRQHandler
                0x08002d98                OTG_HS_WKUP_IRQHandler
                0x08002d98                CAN2_SCE_IRQHandler
                0x08002d98                DMA2_Stream2_IRQHandler
                0x08002d98                SPI1_IRQHandler
                0x08002d98                TIM6_DAC_IRQHandler
                0x08002d98                TIM1_BRK_TIM9_IRQHandler
                0x08002d98                DCMI_IRQHandler
                0x08002d98                CAN2_RX0_IRQHandler
                0x08002d98                DMA2_Stream3_IRQHandler
                0x08002d98                USART6_IRQHandler
                0x08002d98                USART3_IRQHandler
                0x08002d98                CAN1_RX1_IRQHandler
                0x08002d98                UART5_IRQHandler
                0x08002d98                DMA2_Stream0_IRQHandler
                0x08002d98                I2C1_EV_IRQHandler
                0x08002d98                DMA1_Stream6_IRQHandler
                0x08002d98                DMA1_Stream1_IRQHandler
                0x08002d98                TIM3_IRQHandler
                0x08002d98                RCC_IRQHandler
                0x08002d98                TIM8_BRK_TIM12_IRQHandler
                0x08002d98                Default_Handler
                0x08002d98                EXTI15_10_IRQHandler
                0x08002d98                ADC_IRQHandler
                0x08002d98                DMA1_Stream7_IRQHandler
                0x08002d98                SPI5_IRQHandler
                0x08002d98                TIM7_IRQHandler
                0x08002d98                CAN2_TX_IRQHandler
                0x08002d98                TIM5_IRQHandler
                0x08002d98                DMA2_Stream7_IRQHandler
                0x08002d98                I2C3_EV_IRQHandler
                0x08002d98                RTC_WKUP_IRQHandler
                0x08002d98                ETH_WKUP_IRQHandler
                0x08002d98                SPI2_IRQHandler
                0x08002d98                OTG_HS_EP1_IN_IRQHandler
                0x08002d98                DMA1_Stream0_IRQHandler
                0x08002d98                CAN1_TX_IRQHandler
                0x08002d98                EXTI4_IRQHandler
                0x08002d98                ETH_IRQHandler
                0x08002d98                OTG_HS_EP1_OUT_IRQHandler
                0x08002d98                WWDG_IRQHandler
                0x08002d98                SPI6_IRQHandler
                0x08002d98                TIM2_IRQHandler
                0x08002d98                OTG_FS_WKUP_IRQHandler
                0x08002d98                TIM1_TRG_COM_TIM11_IRQHandler
                0x08002d98                OTG_HS_IRQHandler
                0x08002d98                DMA2D_IRQHandler
                0x08002d98                EXTI1_IRQHandler
                0x08002d98                UART7_IRQHandler
                0x08002d98                USART2_IRQHandler
                0x08002d98                I2C2_ER_IRQHandler
                0x08002d98                DMA2_Stream1_IRQHandler
                0x08002d98                CAN1_SCE_IRQHandler
                0x08002d98                FLASH_IRQHandler
                0x08002d98                DMA2_Stream4_IRQHandler
                0x08002d98                USART1_IRQHandler
                0x08002d98                OTG_FS_IRQHandler
                0x08002d98                SPI3_IRQHandler
                0x08002d98                I2C1_ER_IRQHandler
                0x08002d98                FMC_IRQHandler
                0x08002d98                DMA2_Stream6_IRQHandler
                0x08002d98                SAI1_IRQHandler
                0x08002d98                DMA1_Stream3_IRQHandler
 .text.VLC_manchester_decoding
                0x08002d9a       0x6c CMakeFiles/VLC_TX_GD32.elf.dir/VLC_Drivers/Src/VLC_decoder.c.obj
                0x08002d9a                VLC_manchester_decoding
 .text.VLC_decode
                0x08002e06       0x10 CMakeFiles/VLC_TX_GD32.elf.dir/VLC_Drivers/Src/VLC_decoder.c.obj
                0x08002e06                VLC_decode
 *fill*         0x08002e16        0x2 
 .text.VLC_Gpio_DoReceive
                0x08002e18       0x78 CMakeFiles/VLC_TX_GD32.elf.dir/VLC_Drivers/Src/VLC_receiver.c.obj
                0x08002e18                VLC_Gpio_DoReceive
 .text.HAL_GPIO_EXTI_Callback
                0x08002e90       0x4c CMakeFiles/VLC_TX_GD32.elf.dir/VLC_Drivers/Src/VLC_receiver.c.obj
                0x08002e90                HAL_GPIO_EXTI_Callback
 .text.HAL_TIM_PeriodElapsedCallback
                0x08002edc       0x3c CMakeFiles/VLC_TX_GD32.elf.dir/VLC_Drivers/Src/VLC_receiver.c.obj
                0x08002edc                HAL_TIM_PeriodElapsedCallback
 .text.VLC_timer_init
                0x08002f18       0x14 CMakeFiles/VLC_TX_GD32.elf.dir/VLC_Drivers/Src/VLC_timer.c.obj
                0x08002f18                VLC_timer_init
 .text.VLC_udelay
                0x08002f2c       0x14 CMakeFiles/VLC_TX_GD32.elf.dir/VLC_Drivers/Src/VLC_timer.c.obj
                0x08002f2c                VLC_udelay
 .text.vehicle_gpio_motor_init
                0x08002f40       0x24 CMakeFiles/VLC_TX_GD32.elf.dir/Vehicle_Drivers/Src/vehicle_gpio_motor.c.obj
                0x08002f40                vehicle_gpio_motor_init
 .text.vehicle_gpio_motor_stop
                0x08002f64       0x24 CMakeFiles/VLC_TX_GD32.elf.dir/Vehicle_Drivers/Src/vehicle_gpio_motor.c.obj
                0x08002f64                vehicle_gpio_motor_stop
 .text.vehicle_gpio_motor_forward
                0x08002f88       0x24 CMakeFiles/VLC_TX_GD32.elf.dir/Vehicle_Drivers/Src/vehicle_gpio_motor.c.obj
                0x08002f88                vehicle_gpio_motor_forward
 .text.vehicle_gpio_motor_left
                0x08002fac       0x10 CMakeFiles/VLC_TX_GD32.elf.dir/Vehicle_Drivers/Src/vehicle_gpio_motor.c.obj
                0x08002fac                vehicle_gpio_motor_left
 .text.vehicle_gpio_motor_right
                0x08002fbc       0x10 CMakeFiles/VLC_TX_GD32.elf.dir/Vehicle_Drivers/Src/vehicle_gpio_motor.c.obj
                0x08002fbc                vehicle_gpio_motor_right
 .text.vehicle_gpio_motor_control
                0x08002fcc       0x3c CMakeFiles/VLC_TX_GD32.elf.dir/Vehicle_Drivers/Src/vehicle_gpio_motor.c.obj
                0x08002fcc                vehicle_gpio_motor_control
 .text.vehicle_servo_control
                0x08003008        0xc CMakeFiles/VLC_TX_GD32.elf.dir/Vehicle_Drivers/Src/vehicle_servo.c.obj
                0x08003008                vehicle_servo_control
 .text.vehicle_servo_0
                0x08003014        0xc CMakeFiles/VLC_TX_GD32.elf.dir/Vehicle_Drivers/Src/vehicle_servo.c.obj
                0x08003014                vehicle_servo_0
 .text.vehicle_servo_init
                0x08003020       0x14 CMakeFiles/VLC_TX_GD32.elf.dir/Vehicle_Drivers/Src/vehicle_servo.c.obj
                0x08003020                vehicle_servo_init
 .text.vehicle_servo_minus_45
                0x08003034        0xc CMakeFiles/VLC_TX_GD32.elf.dir/Vehicle_Drivers/Src/vehicle_servo.c.obj
                0x08003034                vehicle_servo_minus_45
 .text.vehicle_servo_positive_45
                0x08003040        0xc CMakeFiles/VLC_TX_GD32.elf.dir/Vehicle_Drivers/Src/vehicle_servo.c.obj
                0x08003040                vehicle_servo_positive_45
 .text.__libc_init_array
                0x0800304c       0x48 c:/progra~1/gcc-ar~1.10/bin/../lib/gcc/arm-none-eabi/10.3.1/../../../../arm-none-eabi/lib/thumb/v7e-m/nofp\libg.a(lib_a-init.o)
                0x0800304c                __libc_init_array
 .text.memset   0x08003094       0xa4 c:/progra~1/gcc-ar~1.10/bin/../lib/gcc/arm-none-eabi/10.3.1/../../../../arm-none-eabi/lib/thumb/v7e-m/nofp\libg.a(lib_a-memset.o)
                0x08003094                memset
 .text.startup.register_fini
                0x08003138       0x14 c:/progra~1/gcc-ar~1.10/bin/../lib/gcc/arm-none-eabi/10.3.1/../../../../arm-none-eabi/lib/thumb/v7e-m/nofp\libg.a(lib_a-__call_atexit.o)
 .text.atexit   0x0800314c        0xc c:/progra~1/gcc-ar~1.10/bin/../lib/gcc/arm-none-eabi/10.3.1/../../../../arm-none-eabi/lib/thumb/v7e-m/nofp\libg.a(lib_a-atexit.o)
                0x0800314c                atexit
 .text.__libc_fini_array
                0x08003158       0x2c c:/progra~1/gcc-ar~1.10/bin/../lib/gcc/arm-none-eabi/10.3.1/../../../../arm-none-eabi/lib/thumb/v7e-m/nofp\libg.a(lib_a-fini.o)
                0x08003158                __libc_fini_array
 .text.__retarget_lock_acquire_recursive
                0x08003184        0x4 c:/progra~1/gcc-ar~1.10/bin/../lib/gcc/arm-none-eabi/10.3.1/../../../../arm-none-eabi/lib/thumb/v7e-m/nofp\libg.a(lib_a-lock.o)
                0x08003184                __retarget_lock_acquire_recursive
 .text.__retarget_lock_release_recursive
                0x08003188        0x4 c:/progra~1/gcc-ar~1.10/bin/../lib/gcc/arm-none-eabi/10.3.1/../../../../arm-none-eabi/lib/thumb/v7e-m/nofp\libg.a(lib_a-lock.o)
                0x08003188                __retarget_lock_release_recursive
 .text.__register_exitproc
                0x0800318c       0x8c c:/progra~1/gcc-ar~1.10/bin/../lib/gcc/arm-none-eabi/10.3.1/../../../../arm-none-eabi/lib/thumb/v7e-m/nofp\libg.a(lib_a-__atexit.o)
                0x0800318c                __register_exitproc
 *(.glue_7)
 .glue_7        0x08003218        0x0 linker stubs
 *(.glue_7t)
 .glue_7t       0x08003218        0x0 linker stubs
 *(.eh_frame)
 .eh_frame      0x08003218        0x0 c:/progra~1/gcc-ar~1.10/bin/../lib/gcc/arm-none-eabi/10.3.1/thumb/v7e-m/nofp/crtbegin.o
 *(.init)
 .init          0x08003218        0x4 c:/progra~1/gcc-ar~1.10/bin/../lib/gcc/arm-none-eabi/10.3.1/thumb/v7e-m/nofp/crti.o
                0x08003218                _init
 .init          0x0800321c        0x8 c:/progra~1/gcc-ar~1.10/bin/../lib/gcc/arm-none-eabi/10.3.1/thumb/v7e-m/nofp/crtn.o
 *(.fini)
 .fini          0x08003224        0x4 c:/progra~1/gcc-ar~1.10/bin/../lib/gcc/arm-none-eabi/10.3.1/thumb/v7e-m/nofp/crti.o
                0x08003224                _fini
 .fini          0x08003228        0x8 c:/progra~1/gcc-ar~1.10/bin/../lib/gcc/arm-none-eabi/10.3.1/thumb/v7e-m/nofp/crtn.o
                0x08003230                . = ALIGN (0x4)
                0x08003230                _etext = .

.vfp11_veneer   0x08003230        0x0
 .vfp11_veneer  0x08003230        0x0 linker stubs

.v4_bx          0x08003230        0x0
 .v4_bx         0x08003230        0x0 linker stubs

.iplt           0x08003230        0x0
 .iplt          0x08003230        0x0 c:/progra~1/gcc-ar~1.10/bin/../lib/gcc/arm-none-eabi/10.3.1/thumb/v7e-m/nofp/crtbegin.o

.rodata         0x08003230       0x2c
                0x08003230                . = ALIGN (0x4)
 *(.rodata)
 *(.rodata*)
 .rodata.flagBitshiftOffset.0
                0x08003230        0x8 CMakeFiles/VLC_TX_GD32.elf.dir/Drivers/STM32F4xx_HAL_Driver/Src/stm32f4xx_hal_dma.c.obj
 .rodata.Error_Handler.str1.4
                0x08003238        0x7 CMakeFiles/VLC_TX_GD32.elf.dir/Src/main.c.obj
 *fill*         0x0800323f        0x1 
 .rodata.AHBPrescTable
                0x08003240       0x10 CMakeFiles/VLC_TX_GD32.elf.dir/Src/system_stm32f4xx.c.obj
                0x08003240                AHBPrescTable
 .rodata.APBPrescTable
                0x08003250        0x8 CMakeFiles/VLC_TX_GD32.elf.dir/Src/system_stm32f4xx.c.obj
                0x08003250                APBPrescTable
 .rodata._global_impure_ptr
                0x08003258        0x4 c:/progra~1/gcc-ar~1.10/bin/../lib/gcc/arm-none-eabi/10.3.1/../../../../arm-none-eabi/lib/thumb/v7e-m/nofp\libg.a(lib_a-impure.o)
                0x08003258                _global_impure_ptr
                0x0800325c                . = ALIGN (0x4)

.ARM.extab      0x0800325c        0x0
                0x0800325c                . = ALIGN (0x4)
 *(.ARM.extab* .gnu.linkonce.armextab.*)
                0x0800325c                . = ALIGN (0x4)

.ARM            0x0800325c        0x8
                0x0800325c                . = ALIGN (0x4)
                0x0800325c                __exidx_start = .
 *(.ARM.exidx*)
 .ARM.exidx     0x0800325c        0x8 c:/progra~1/gcc-ar~1.10/bin/../lib/gcc/arm-none-eabi/10.3.1/thumb/v7e-m/nofp\libgcc.a(_udivmoddi4.o)
                0x08003264                __exidx_end = .
                0x08003264                . = ALIGN (0x4)

.rel.dyn        0x08003264        0x0
 .rel.iplt      0x08003264        0x0 c:/progra~1/gcc-ar~1.10/bin/../lib/gcc/arm-none-eabi/10.3.1/thumb/v7e-m/nofp/crtbegin.o

.preinit_array  0x08003264        0x0
                0x08003264                . = ALIGN (0x4)
                0x08003264                PROVIDE (__preinit_array_start = .)
 *(.preinit_array*)
                0x08003264                PROVIDE (__preinit_array_end = .)
                0x08003264                . = ALIGN (0x4)

.init_array     0x08003264        0x8
                0x08003264                . = ALIGN (0x4)
                0x08003264                PROVIDE (__init_array_start = .)
 *(SORT_BY_NAME(.init_array.*))
 .init_array.00000
                0x08003264        0x4 c:/progra~1/gcc-ar~1.10/bin/../lib/gcc/arm-none-eabi/10.3.1/../../../../arm-none-eabi/lib/thumb/v7e-m/nofp\libg.a(lib_a-__call_atexit.o)
 *(.init_array*)
 .init_array    0x08003268        0x4 c:/progra~1/gcc-ar~1.10/bin/../lib/gcc/arm-none-eabi/10.3.1/thumb/v7e-m/nofp/crtbegin.o
                0x0800326c                PROVIDE (__init_array_end = .)
                0x0800326c                . = ALIGN (0x4)

.fini_array     0x0800326c        0x4
                0x0800326c                . = ALIGN (0x4)
                0x0800326c                PROVIDE (__fini_array_start = .)
 *(SORT_BY_NAME(.fini_array.*))
 *(.fini_array*)
 .fini_array    0x0800326c        0x4 c:/progra~1/gcc-ar~1.10/bin/../lib/gcc/arm-none-eabi/10.3.1/thumb/v7e-m/nofp/crtbegin.o
                0x08003270                PROVIDE (__fini_array_end = .)
                0x08003270                . = ALIGN (0x4)
                0x08003270                _sidata = LOADADDR (.data)

.data           0x20000000      0x43c load address 0x08003270
                0x20000000                . = ALIGN (0x4)
                0x20000000                _sdata = .
 *(.data)
 *(.data*)
 .data.uwTickFreq
                0x20000000        0x1 CMakeFiles/VLC_TX_GD32.elf.dir/Drivers/STM32F4xx_HAL_Driver/Src/stm32f4xx_hal.c.obj
                0x20000000                uwTickFreq
 *fill*         0x20000001        0x3 
 .data.uwTickPrio
                0x20000004        0x4 CMakeFiles/VLC_TX_GD32.elf.dir/Drivers/STM32F4xx_HAL_Driver/Src/stm32f4xx_hal.c.obj
                0x20000004                uwTickPrio
 .data.SystemCoreClock
                0x20000008        0x4 CMakeFiles/VLC_TX_GD32.elf.dir/Src/system_stm32f4xx.c.obj
                0x20000008                SystemCoreClock
 *fill*         0x2000000c        0x4 
 .data.impure_data
                0x20000010      0x428 c:/progra~1/gcc-ar~1.10/bin/../lib/gcc/arm-none-eabi/10.3.1/../../../../arm-none-eabi/lib/thumb/v7e-m/nofp\libg.a(lib_a-impure.o)
 .data.__atexit_recursive_mutex
                0x20000438        0x4 c:/progra~1/gcc-ar~1.10/bin/../lib/gcc/arm-none-eabi/10.3.1/../../../../arm-none-eabi/lib/thumb/v7e-m/nofp\libg.a(lib_a-__call_atexit.o)
                0x20000438                __atexit_recursive_mutex
 *(.RamFunc)
 *(.RamFunc*)
                0x2000043c                . = ALIGN (0x4)
                0x2000043c                _edata = .
                0x080036ac                _siccmram = LOADADDR (.ccmram)

.igot.plt       0x2000043c        0x0 load address 0x080036ac
 .igot.plt      0x2000043c        0x0 c:/progra~1/gcc-ar~1.10/bin/../lib/gcc/arm-none-eabi/10.3.1/thumb/v7e-m/nofp/crtbegin.o

.ccmram         0x10000000        0x0 load address 0x080036ac
                0x10000000                . = ALIGN (0x4)
                0x10000000                _sccmram = .
 *(.ccmram)
 *(.ccmram*)
                0x10000000                . = ALIGN (0x4)
                0x10000000                _eccmram = .
                0x10000000                . = ALIGN (0x4)

.bss            0x2000043c      0x26c
                0x2000043c                _sbss = .
                0x2000043c                __bss_start__ = _sbss
 *(.bss)
 .bss           0x2000043c       0x1c c:/progra~1/gcc-ar~1.10/bin/../lib/gcc/arm-none-eabi/10.3.1/thumb/v7e-m/nofp/crtbegin.o
 *(.bss*)
 .bss.uwTick    0x20000458        0x4 CMakeFiles/VLC_TX_GD32.elf.dir/Drivers/STM32F4xx_HAL_Driver/Src/stm32f4xx_hal.c.obj
                0x20000458                uwTick
 .bss.DETECT_DATA_FLAG
                0x2000045c        0x1 CMakeFiles/VLC_TX_GD32.elf.dir/Src/main.c.obj
                0x2000045c                DETECT_DATA_FLAG
 *fill*         0x2000045d        0x3 
 .bss.VLC_RX_DATA_BUFFER
                0x20000460       0x12 CMakeFiles/VLC_TX_GD32.elf.dir/Src/main.c.obj
                0x20000460                VLC_RX_DATA_BUFFER
 *fill*         0x20000472        0x2 
 .bss.received_data
                0x20000474        0x9 CMakeFiles/VLC_TX_GD32.elf.dir/Src/main.c.obj
                0x20000474                received_data
 *fill*         0x2000047d        0x3 
 .bss.htim14    0x20000480       0x48 CMakeFiles/VLC_TX_GD32.elf.dir/Src/tim.c.obj
                0x20000480                htim14
 .bss.htim3     0x200004c8       0x48 CMakeFiles/VLC_TX_GD32.elf.dir/Src/tim.c.obj
                0x200004c8                htim3
 .bss.htim4     0x20000510       0x48 CMakeFiles/VLC_TX_GD32.elf.dir/Src/tim.c.obj
                0x20000510                htim4
 .bss.hdma_uart4_rx
                0x20000558       0x60 CMakeFiles/VLC_TX_GD32.elf.dir/Src/usart.c.obj
                0x20000558                hdma_uart4_rx
 .bss.hdma_uart4_tx
                0x200005b8       0x60 CMakeFiles/VLC_TX_GD32.elf.dir/Src/usart.c.obj
                0x200005b8                hdma_uart4_tx
 .bss.huart1    0x20000618       0x44 CMakeFiles/VLC_TX_GD32.elf.dir/Src/usart.c.obj
                0x20000618                huart1
 .bss.huart4    0x2000065c       0x44 CMakeFiles/VLC_TX_GD32.elf.dir/Src/usart.c.obj
                0x2000065c                huart4
 .bss.state     0x200006a0        0x1 CMakeFiles/VLC_TX_GD32.elf.dir/VLC_Drivers/Src/VLC_receiver.c.obj
 *fill*         0x200006a1        0x3 
 .bss.__lock___atexit_recursive_mutex
                0x200006a4        0x1 c:/progra~1/gcc-ar~1.10/bin/../lib/gcc/arm-none-eabi/10.3.1/../../../../arm-none-eabi/lib/thumb/v7e-m/nofp\libg.a(lib_a-lock.o)
                0x200006a4                __lock___atexit_recursive_mutex
 *(COMMON)
                0x200006a8                . = ALIGN (0x4)
 *fill*         0x200006a5        0x3 
                0x200006a8                _ebss = .
                0x200006a8                __bss_end__ = _ebss

._user_heap_stack
                0x200006a8      0x600
                0x200006a8                . = ALIGN (0x8)
                [!provide]                PROVIDE (end = .)
                0x200006a8                PROVIDE (_end = .)
                0x200008a8                . = (. + _Min_Heap_Size)
 *fill*         0x200006a8      0x200 
                0x20000ca8                . = (. + _Min_Stack_Size)
 *fill*         0x200008a8      0x400 
                0x20000ca8                . = ALIGN (0x8)

/DISCARD/
 libc.a(*)
 libm.a(*)
 libgcc.a(*)

.ARM.attributes
                0x00000000       0x2a
 *(.ARM.attributes)
 .ARM.attributes
                0x00000000       0x1e c:/progra~1/gcc-ar~1.10/bin/../lib/gcc/arm-none-eabi/10.3.1/thumb/v7e-m/nofp/crti.o
 .ARM.attributes
                0x0000001e       0x2e c:/progra~1/gcc-ar~1.10/bin/../lib/gcc/arm-none-eabi/10.3.1/thumb/v7e-m/nofp/crtbegin.o
 .ARM.attributes
                0x0000004c       0x2e CMakeFiles/VLC_TX_GD32.elf.dir/Drivers/STM32F4xx_HAL_Driver/Src/stm32f4xx_hal.c.obj
 .ARM.attributes
                0x0000007a       0x2e CMakeFiles/VLC_TX_GD32.elf.dir/Drivers/STM32F4xx_HAL_Driver/Src/stm32f4xx_hal_cortex.c.obj
 .ARM.attributes
                0x000000a8       0x2e CMakeFiles/VLC_TX_GD32.elf.dir/Drivers/STM32F4xx_HAL_Driver/Src/stm32f4xx_hal_dma.c.obj
 .ARM.attributes
                0x000000d6       0x2e CMakeFiles/VLC_TX_GD32.elf.dir/Drivers/STM32F4xx_HAL_Driver/Src/stm32f4xx_hal_gpio.c.obj
 .ARM.attributes
                0x00000104       0x2e CMakeFiles/VLC_TX_GD32.elf.dir/Drivers/STM32F4xx_HAL_Driver/Src/stm32f4xx_hal_pwr_ex.c.obj
 .ARM.attributes
                0x00000132       0x2e CMakeFiles/VLC_TX_GD32.elf.dir/Drivers/STM32F4xx_HAL_Driver/Src/stm32f4xx_hal_rcc.c.obj
 .ARM.attributes
                0x00000160       0x2e CMakeFiles/VLC_TX_GD32.elf.dir/Drivers/STM32F4xx_HAL_Driver/Src/stm32f4xx_hal_tim.c.obj
 .ARM.attributes
                0x0000018e       0x2e CMakeFiles/VLC_TX_GD32.elf.dir/Drivers/STM32F4xx_HAL_Driver/Src/stm32f4xx_hal_tim_ex.c.obj
 .ARM.attributes
                0x000001bc       0x2e CMakeFiles/VLC_TX_GD32.elf.dir/Drivers/STM32F4xx_HAL_Driver/Src/stm32f4xx_hal_uart.c.obj
 .ARM.attributes
                0x000001ea       0x2e CMakeFiles/VLC_TX_GD32.elf.dir/Src/dma.c.obj
 .ARM.attributes
                0x00000218       0x2e CMakeFiles/VLC_TX_GD32.elf.dir/Src/gpio.c.obj
 .ARM.attributes
                0x00000246       0x2e CMakeFiles/VLC_TX_GD32.elf.dir/Src/main.c.obj
 .ARM.attributes
                0x00000274       0x2e CMakeFiles/VLC_TX_GD32.elf.dir/Src/stm32f4xx_hal_msp.c.obj
 .ARM.attributes
                0x000002a2       0x2e CMakeFiles/VLC_TX_GD32.elf.dir/Src/stm32f4xx_it.c.obj
 .ARM.attributes
                0x000002d0       0x2e CMakeFiles/VLC_TX_GD32.elf.dir/Src/system_stm32f4xx.c.obj
 .ARM.attributes
                0x000002fe       0x2e CMakeFiles/VLC_TX_GD32.elf.dir/Src/tim.c.obj
 .ARM.attributes
                0x0000032c       0x2e CMakeFiles/VLC_TX_GD32.elf.dir/Src/usart.c.obj
 .ARM.attributes
                0x0000035a       0x21 CMakeFiles/VLC_TX_GD32.elf.dir/Startup/startup_stm32f427vitx.s.obj
 .ARM.attributes
                0x0000037b       0x2e CMakeFiles/VLC_TX_GD32.elf.dir/VLC_Drivers/Src/VLC_decoder.c.obj
 .ARM.attributes
                0x000003a9       0x2e CMakeFiles/VLC_TX_GD32.elf.dir/VLC_Drivers/Src/VLC_receiver.c.obj
 .ARM.attributes
                0x000003d7       0x2e CMakeFiles/VLC_TX_GD32.elf.dir/VLC_Drivers/Src/VLC_timer.c.obj
 .ARM.attributes
                0x00000405       0x2e CMakeFiles/VLC_TX_GD32.elf.dir/Vehicle_Drivers/Src/vehicle_gpio_motor.c.obj
 .ARM.attributes
                0x00000433       0x2e CMakeFiles/VLC_TX_GD32.elf.dir/Vehicle_Drivers/Src/vehicle_servo.c.obj
 .ARM.attributes
                0x00000461       0x1e c:/progra~1/gcc-ar~1.10/bin/../lib/gcc/arm-none-eabi/10.3.1/thumb/v7e-m/nofp\libgcc.a(_aeabi_uldivmod.o)
 .ARM.attributes
                0x0000047f       0x2e c:/progra~1/gcc-ar~1.10/bin/../lib/gcc/arm-none-eabi/10.3.1/thumb/v7e-m/nofp\libgcc.a(_udivmoddi4.o)
 .ARM.attributes
                0x000004ad       0x1e c:/progra~1/gcc-ar~1.10/bin/../lib/gcc/arm-none-eabi/10.3.1/thumb/v7e-m/nofp\libgcc.a(_dvmd_tls.o)
 .ARM.attributes
                0x000004cb       0x2e c:/progra~1/gcc-ar~1.10/bin/../lib/gcc/arm-none-eabi/10.3.1/../../../../arm-none-eabi/lib/thumb/v7e-m/nofp\libg.a(lib_a-impure.o)
 .ARM.attributes
                0x000004f9       0x2e c:/progra~1/gcc-ar~1.10/bin/../lib/gcc/arm-none-eabi/10.3.1/../../../../arm-none-eabi/lib/thumb/v7e-m/nofp\libg.a(lib_a-init.o)
 .ARM.attributes
                0x00000527       0x2e c:/progra~1/gcc-ar~1.10/bin/../lib/gcc/arm-none-eabi/10.3.1/../../../../arm-none-eabi/lib/thumb/v7e-m/nofp\libg.a(lib_a-memset.o)
 .ARM.attributes
                0x00000555       0x2e c:/progra~1/gcc-ar~1.10/bin/../lib/gcc/arm-none-eabi/10.3.1/../../../../arm-none-eabi/lib/thumb/v7e-m/nofp\libg.a(lib_a-__call_atexit.o)
 .ARM.attributes
                0x00000583       0x2e c:/progra~1/gcc-ar~1.10/bin/../lib/gcc/arm-none-eabi/10.3.1/../../../../arm-none-eabi/lib/thumb/v7e-m/nofp\libg.a(lib_a-atexit.o)
 .ARM.attributes
                0x000005b1       0x2e c:/progra~1/gcc-ar~1.10/bin/../lib/gcc/arm-none-eabi/10.3.1/../../../../arm-none-eabi/lib/thumb/v7e-m/nofp\libg.a(lib_a-fini.o)
 .ARM.attributes
                0x000005df       0x2e c:/progra~1/gcc-ar~1.10/bin/../lib/gcc/arm-none-eabi/10.3.1/../../../../arm-none-eabi/lib/thumb/v7e-m/nofp\libg.a(lib_a-lock.o)
 .ARM.attributes
                0x0000060d       0x2e c:/progra~1/gcc-ar~1.10/bin/../lib/gcc/arm-none-eabi/10.3.1/../../../../arm-none-eabi/lib/thumb/v7e-m/nofp\libg.a(lib_a-__atexit.o)
 .ARM.attributes
                0x0000063b       0x1e c:/progra~1/gcc-ar~1.10/bin/../lib/gcc/arm-none-eabi/10.3.1/thumb/v7e-m/nofp/crtn.o
OUTPUT(VLC_TX_GD32.elf elf32-littlearm)
LOAD linker stubs
LOAD c:/progra~1/gcc-ar~1.10/bin/../lib/gcc/arm-none-eabi/10.3.1/../../../../arm-none-eabi/lib/thumb/v7e-m/nofp\libc.a
LOAD c:/progra~1/gcc-ar~1.10/bin/../lib/gcc/arm-none-eabi/10.3.1/../../../../arm-none-eabi/lib/thumb/v7e-m/nofp\libm.a
LOAD c:/progra~1/gcc-ar~1.10/bin/../lib/gcc/arm-none-eabi/10.3.1/thumb/v7e-m/nofp\libgcc.a

.debug_info     0x00000000    0x14537
 .debug_info    0x00000000      0xa5c CMakeFiles/VLC_TX_GD32.elf.dir/Drivers/STM32F4xx_HAL_Driver/Src/stm32f4xx_hal.c.obj
 .debug_info    0x00000a5c     0x10c2 CMakeFiles/VLC_TX_GD32.elf.dir/Drivers/STM32F4xx_HAL_Driver/Src/stm32f4xx_hal_cortex.c.obj
 .debug_info    0x00001b1e      0xb3f CMakeFiles/VLC_TX_GD32.elf.dir/Drivers/STM32F4xx_HAL_Driver/Src/stm32f4xx_hal_dma.c.obj
 .debug_info    0x0000265d      0x7cc CMakeFiles/VLC_TX_GD32.elf.dir/Drivers/STM32F4xx_HAL_Driver/Src/stm32f4xx_hal_gpio.c.obj
 .debug_info    0x00002e29      0x7bb CMakeFiles/VLC_TX_GD32.elf.dir/Drivers/STM32F4xx_HAL_Driver/Src/stm32f4xx_hal_pwr_ex.c.obj
 .debug_info    0x000035e4      0xb1f CMakeFiles/VLC_TX_GD32.elf.dir/Drivers/STM32F4xx_HAL_Driver/Src/stm32f4xx_hal_rcc.c.obj
 .debug_info    0x00004103     0x3d5b CMakeFiles/VLC_TX_GD32.elf.dir/Drivers/STM32F4xx_HAL_Driver/Src/stm32f4xx_hal_tim.c.obj
 .debug_info    0x00007e5e     0x1ade CMakeFiles/VLC_TX_GD32.elf.dir/Drivers/STM32F4xx_HAL_Driver/Src/stm32f4xx_hal_tim_ex.c.obj
 .debug_info    0x0000993c     0x424e CMakeFiles/VLC_TX_GD32.elf.dir/Drivers/STM32F4xx_HAL_Driver/Src/stm32f4xx_hal_uart.c.obj
 .debug_info    0x0000db8a      0x574 CMakeFiles/VLC_TX_GD32.elf.dir/Src/dma.c.obj
 .debug_info    0x0000e0fe      0x79b CMakeFiles/VLC_TX_GD32.elf.dir/Src/gpio.c.obj
 .debug_info    0x0000e899      0xc11 CMakeFiles/VLC_TX_GD32.elf.dir/Src/main.c.obj
 .debug_info    0x0000f4aa      0x2c0 CMakeFiles/VLC_TX_GD32.elf.dir/Src/stm32f4xx_hal_msp.c.obj
 .debug_info    0x0000f76a      0xa8b CMakeFiles/VLC_TX_GD32.elf.dir/Src/stm32f4xx_it.c.obj
 .debug_info    0x000101f5      0x399 CMakeFiles/VLC_TX_GD32.elf.dir/Src/system_stm32f4xx.c.obj
 .debug_info    0x0001058e     0x10e1 CMakeFiles/VLC_TX_GD32.elf.dir/Src/tim.c.obj
 .debug_info    0x0001166f      0xdfe CMakeFiles/VLC_TX_GD32.elf.dir/Src/usart.c.obj
 .debug_info    0x0001246d       0x22 CMakeFiles/VLC_TX_GD32.elf.dir/Startup/startup_stm32f427vitx.s.obj
 .debug_info    0x0001248f      0x1be CMakeFiles/VLC_TX_GD32.elf.dir/VLC_Drivers/Src/VLC_decoder.c.obj
 .debug_info    0x0001264d      0xddb CMakeFiles/VLC_TX_GD32.elf.dir/VLC_Drivers/Src/VLC_receiver.c.obj
 .debug_info    0x00013428      0x693 CMakeFiles/VLC_TX_GD32.elf.dir/VLC_Drivers/Src/VLC_timer.c.obj
 .debug_info    0x00013abb      0x32a CMakeFiles/VLC_TX_GD32.elf.dir/Vehicle_Drivers/Src/vehicle_gpio_motor.c.obj
 .debug_info    0x00013de5      0x752 CMakeFiles/VLC_TX_GD32.elf.dir/Vehicle_Drivers/Src/vehicle_servo.c.obj

.debug_abbrev   0x00000000     0x2989
 .debug_abbrev  0x00000000      0x206 CMakeFiles/VLC_TX_GD32.elf.dir/Drivers/STM32F4xx_HAL_Driver/Src/stm32f4xx_hal.c.obj
 .debug_abbrev  0x00000206      0x36a CMakeFiles/VLC_TX_GD32.elf.dir/Drivers/STM32F4xx_HAL_Driver/Src/stm32f4xx_hal_cortex.c.obj
 .debug_abbrev  0x00000570      0x2c2 CMakeFiles/VLC_TX_GD32.elf.dir/Drivers/STM32F4xx_HAL_Driver/Src/stm32f4xx_hal_dma.c.obj
 .debug_abbrev  0x00000832      0x1ef CMakeFiles/VLC_TX_GD32.elf.dir/Drivers/STM32F4xx_HAL_Driver/Src/stm32f4xx_hal_gpio.c.obj
 .debug_abbrev  0x00000a21      0x1c0 CMakeFiles/VLC_TX_GD32.elf.dir/Drivers/STM32F4xx_HAL_Driver/Src/stm32f4xx_hal_pwr_ex.c.obj
 .debug_abbrev  0x00000be1      0x28a CMakeFiles/VLC_TX_GD32.elf.dir/Drivers/STM32F4xx_HAL_Driver/Src/stm32f4xx_hal_rcc.c.obj
 .debug_abbrev  0x00000e6b      0x22b CMakeFiles/VLC_TX_GD32.elf.dir/Drivers/STM32F4xx_HAL_Driver/Src/stm32f4xx_hal_tim.c.obj
 .debug_abbrev  0x00001096      0x241 CMakeFiles/VLC_TX_GD32.elf.dir/Drivers/STM32F4xx_HAL_Driver/Src/stm32f4xx_hal_tim_ex.c.obj
 .debug_abbrev  0x000012d7      0x2fd CMakeFiles/VLC_TX_GD32.elf.dir/Drivers/STM32F4xx_HAL_Driver/Src/stm32f4xx_hal_uart.c.obj
 .debug_abbrev  0x000015d4      0x126 CMakeFiles/VLC_TX_GD32.elf.dir/Src/dma.c.obj
 .debug_abbrev  0x000016fa      0x16a CMakeFiles/VLC_TX_GD32.elf.dir/Src/gpio.c.obj
 .debug_abbrev  0x00001864      0x220 CMakeFiles/VLC_TX_GD32.elf.dir/Src/main.c.obj
 .debug_abbrev  0x00001a84       0xd1 CMakeFiles/VLC_TX_GD32.elf.dir/Src/stm32f4xx_hal_msp.c.obj
 .debug_abbrev  0x00001b55      0x1c6 CMakeFiles/VLC_TX_GD32.elf.dir/Src/stm32f4xx_it.c.obj
 .debug_abbrev  0x00001d1b      0x119 CMakeFiles/VLC_TX_GD32.elf.dir/Src/system_stm32f4xx.c.obj
 .debug_abbrev  0x00001e34      0x1ef CMakeFiles/VLC_TX_GD32.elf.dir/Src/tim.c.obj
 .debug_abbrev  0x00002023      0x1f6 CMakeFiles/VLC_TX_GD32.elf.dir/Src/usart.c.obj
 .debug_abbrev  0x00002219       0x12 CMakeFiles/VLC_TX_GD32.elf.dir/Startup/startup_stm32f427vitx.s.obj
 .debug_abbrev  0x0000222b       0xf4 CMakeFiles/VLC_TX_GD32.elf.dir/VLC_Drivers/Src/VLC_decoder.c.obj
 .debug_abbrev  0x0000231f      0x234 CMakeFiles/VLC_TX_GD32.elf.dir/VLC_Drivers/Src/VLC_receiver.c.obj
 .debug_abbrev  0x00002553      0x16a CMakeFiles/VLC_TX_GD32.elf.dir/VLC_Drivers/Src/VLC_timer.c.obj
 .debug_abbrev  0x000026bd      0x11e CMakeFiles/VLC_TX_GD32.elf.dir/Vehicle_Drivers/Src/vehicle_gpio_motor.c.obj
 .debug_abbrev  0x000027db      0x1ae CMakeFiles/VLC_TX_GD32.elf.dir/Vehicle_Drivers/Src/vehicle_servo.c.obj

.debug_loc      0x00000000     0xde3f
 .debug_loc     0x00000000      0x141 CMakeFiles/VLC_TX_GD32.elf.dir/Drivers/STM32F4xx_HAL_Driver/Src/stm32f4xx_hal.c.obj
 .debug_loc     0x00000141      0x744 CMakeFiles/VLC_TX_GD32.elf.dir/Drivers/STM32F4xx_HAL_Driver/Src/stm32f4xx_hal_cortex.c.obj
 .debug_loc     0x00000885      0xbf9 CMakeFiles/VLC_TX_GD32.elf.dir/Drivers/STM32F4xx_HAL_Driver/Src/stm32f4xx_hal_dma.c.obj
 .debug_loc     0x0000147e      0x520 CMakeFiles/VLC_TX_GD32.elf.dir/Drivers/STM32F4xx_HAL_Driver/Src/stm32f4xx_hal_gpio.c.obj
 .debug_loc     0x0000199e      0x228 CMakeFiles/VLC_TX_GD32.elf.dir/Drivers/STM32F4xx_HAL_Driver/Src/stm32f4xx_hal_pwr_ex.c.obj
 .debug_loc     0x00001bc6      0x58c CMakeFiles/VLC_TX_GD32.elf.dir/Drivers/STM32F4xx_HAL_Driver/Src/stm32f4xx_hal_rcc.c.obj
 .debug_loc     0x00002152     0x506c CMakeFiles/VLC_TX_GD32.elf.dir/Drivers/STM32F4xx_HAL_Driver/Src/stm32f4xx_hal_tim.c.obj
 .debug_loc     0x000071be     0x1cd7 CMakeFiles/VLC_TX_GD32.elf.dir/Drivers/STM32F4xx_HAL_Driver/Src/stm32f4xx_hal_tim_ex.c.obj
 .debug_loc     0x00008e95     0x49ab CMakeFiles/VLC_TX_GD32.elf.dir/Drivers/STM32F4xx_HAL_Driver/Src/stm32f4xx_hal_uart.c.obj
 .debug_loc     0x0000d840      0x158 CMakeFiles/VLC_TX_GD32.elf.dir/Src/system_stm32f4xx.c.obj
 .debug_loc     0x0000d998       0xe0 CMakeFiles/VLC_TX_GD32.elf.dir/Src/tim.c.obj
 .debug_loc     0x0000da78       0xb8 CMakeFiles/VLC_TX_GD32.elf.dir/Src/usart.c.obj
 .debug_loc     0x0000db30      0x199 CMakeFiles/VLC_TX_GD32.elf.dir/VLC_Drivers/Src/VLC_decoder.c.obj
 .debug_loc     0x0000dcc9      0x151 CMakeFiles/VLC_TX_GD32.elf.dir/VLC_Drivers/Src/VLC_receiver.c.obj
 .debug_loc     0x0000de1a       0x25 CMakeFiles/VLC_TX_GD32.elf.dir/Vehicle_Drivers/Src/vehicle_gpio_motor.c.obj

.debug_aranges  0x00000000      0xdb0
 .debug_aranges
                0x00000000      0x100 CMakeFiles/VLC_TX_GD32.elf.dir/Drivers/STM32F4xx_HAL_Driver/Src/stm32f4xx_hal.c.obj
 .debug_aranges
                0x00000100       0xa8 CMakeFiles/VLC_TX_GD32.elf.dir/Drivers/STM32F4xx_HAL_Driver/Src/stm32f4xx_hal_cortex.c.obj
 .debug_aranges
                0x000001a8       0x90 CMakeFiles/VLC_TX_GD32.elf.dir/Drivers/STM32F4xx_HAL_Driver/Src/stm32f4xx_hal_dma.c.obj
 .debug_aranges
                0x00000238       0x58 CMakeFiles/VLC_TX_GD32.elf.dir/Drivers/STM32F4xx_HAL_Driver/Src/stm32f4xx_hal_gpio.c.obj
 .debug_aranges
                0x00000290       0x60 CMakeFiles/VLC_TX_GD32.elf.dir/Drivers/STM32F4xx_HAL_Driver/Src/stm32f4xx_hal_pwr_ex.c.obj
 .debug_aranges
                0x000002f0       0x88 CMakeFiles/VLC_TX_GD32.elf.dir/Drivers/STM32F4xx_HAL_Driver/Src/stm32f4xx_hal_rcc.c.obj
 .debug_aranges
                0x00000378      0x3d0 CMakeFiles/VLC_TX_GD32.elf.dir/Drivers/STM32F4xx_HAL_Driver/Src/stm32f4xx_hal_tim.c.obj
 .debug_aranges
                0x00000748      0x168 CMakeFiles/VLC_TX_GD32.elf.dir/Drivers/STM32F4xx_HAL_Driver/Src/stm32f4xx_hal_tim_ex.c.obj
 .debug_aranges
                0x000008b0      0x200 CMakeFiles/VLC_TX_GD32.elf.dir/Drivers/STM32F4xx_HAL_Driver/Src/stm32f4xx_hal_uart.c.obj
 .debug_aranges
                0x00000ab0       0x20 CMakeFiles/VLC_TX_GD32.elf.dir/Src/dma.c.obj
 .debug_aranges
                0x00000ad0       0x20 CMakeFiles/VLC_TX_GD32.elf.dir/Src/gpio.c.obj
 .debug_aranges
                0x00000af0       0x30 CMakeFiles/VLC_TX_GD32.elf.dir/Src/main.c.obj
 .debug_aranges
                0x00000b20       0x20 CMakeFiles/VLC_TX_GD32.elf.dir/Src/stm32f4xx_hal_msp.c.obj
 .debug_aranges
                0x00000b40       0x88 CMakeFiles/VLC_TX_GD32.elf.dir/Src/stm32f4xx_it.c.obj
 .debug_aranges
                0x00000bc8       0x28 CMakeFiles/VLC_TX_GD32.elf.dir/Src/system_stm32f4xx.c.obj
 .debug_aranges
                0x00000bf0       0x48 CMakeFiles/VLC_TX_GD32.elf.dir/Src/tim.c.obj
 .debug_aranges
                0x00000c38       0x38 CMakeFiles/VLC_TX_GD32.elf.dir/Src/usart.c.obj
 .debug_aranges
                0x00000c70       0x28 CMakeFiles/VLC_TX_GD32.elf.dir/Startup/startup_stm32f427vitx.s.obj
 .debug_aranges
                0x00000c98       0x28 CMakeFiles/VLC_TX_GD32.elf.dir/VLC_Drivers/Src/VLC_decoder.c.obj
 .debug_aranges
                0x00000cc0       0x40 CMakeFiles/VLC_TX_GD32.elf.dir/VLC_Drivers/Src/VLC_receiver.c.obj
 .debug_aranges
                0x00000d00       0x28 CMakeFiles/VLC_TX_GD32.elf.dir/VLC_Drivers/Src/VLC_timer.c.obj
 .debug_aranges
                0x00000d28       0x48 CMakeFiles/VLC_TX_GD32.elf.dir/Vehicle_Drivers/Src/vehicle_gpio_motor.c.obj
 .debug_aranges
                0x00000d70       0x40 CMakeFiles/VLC_TX_GD32.elf.dir/Vehicle_Drivers/Src/vehicle_servo.c.obj

.debug_ranges   0x00000000      0xd40
 .debug_ranges  0x00000000       0xf0 CMakeFiles/VLC_TX_GD32.elf.dir/Drivers/STM32F4xx_HAL_Driver/Src/stm32f4xx_hal.c.obj
 .debug_ranges  0x000000f0       0xf8 CMakeFiles/VLC_TX_GD32.elf.dir/Drivers/STM32F4xx_HAL_Driver/Src/stm32f4xx_hal_cortex.c.obj
 .debug_ranges  0x000001e8       0x80 CMakeFiles/VLC_TX_GD32.elf.dir/Drivers/STM32F4xx_HAL_Driver/Src/stm32f4xx_hal_dma.c.obj
 .debug_ranges  0x00000268       0x48 CMakeFiles/VLC_TX_GD32.elf.dir/Drivers/STM32F4xx_HAL_Driver/Src/stm32f4xx_hal_gpio.c.obj
 .debug_ranges  0x000002b0       0x50 CMakeFiles/VLC_TX_GD32.elf.dir/Drivers/STM32F4xx_HAL_Driver/Src/stm32f4xx_hal_pwr_ex.c.obj
 .debug_ranges  0x00000300       0x90 CMakeFiles/VLC_TX_GD32.elf.dir/Drivers/STM32F4xx_HAL_Driver/Src/stm32f4xx_hal_rcc.c.obj
 .debug_ranges  0x00000390      0x3c0 CMakeFiles/VLC_TX_GD32.elf.dir/Drivers/STM32F4xx_HAL_Driver/Src/stm32f4xx_hal_tim.c.obj
 .debug_ranges  0x00000750      0x158 CMakeFiles/VLC_TX_GD32.elf.dir/Drivers/STM32F4xx_HAL_Driver/Src/stm32f4xx_hal_tim_ex.c.obj
 .debug_ranges  0x000008a8      0x208 CMakeFiles/VLC_TX_GD32.elf.dir/Drivers/STM32F4xx_HAL_Driver/Src/stm32f4xx_hal_uart.c.obj
 .debug_ranges  0x00000ab0       0x10 CMakeFiles/VLC_TX_GD32.elf.dir/Src/dma.c.obj
 .debug_ranges  0x00000ac0       0x10 CMakeFiles/VLC_TX_GD32.elf.dir/Src/gpio.c.obj
 .debug_ranges  0x00000ad0       0x20 CMakeFiles/VLC_TX_GD32.elf.dir/Src/main.c.obj
 .debug_ranges  0x00000af0       0x10 CMakeFiles/VLC_TX_GD32.elf.dir/Src/stm32f4xx_hal_msp.c.obj
 .debug_ranges  0x00000b00       0x78 CMakeFiles/VLC_TX_GD32.elf.dir/Src/stm32f4xx_it.c.obj
 .debug_ranges  0x00000b78       0x18 CMakeFiles/VLC_TX_GD32.elf.dir/Src/system_stm32f4xx.c.obj
 .debug_ranges  0x00000b90       0x38 CMakeFiles/VLC_TX_GD32.elf.dir/Src/tim.c.obj
 .debug_ranges  0x00000bc8       0x28 CMakeFiles/VLC_TX_GD32.elf.dir/Src/usart.c.obj
 .debug_ranges  0x00000bf0       0x20 CMakeFiles/VLC_TX_GD32.elf.dir/Startup/startup_stm32f427vitx.s.obj
 .debug_ranges  0x00000c10       0x50 CMakeFiles/VLC_TX_GD32.elf.dir/VLC_Drivers/Src/VLC_decoder.c.obj
 .debug_ranges  0x00000c60       0x60 CMakeFiles/VLC_TX_GD32.elf.dir/VLC_Drivers/Src/VLC_receiver.c.obj
 .debug_ranges  0x00000cc0       0x18 CMakeFiles/VLC_TX_GD32.elf.dir/VLC_Drivers/Src/VLC_timer.c.obj
 .debug_ranges  0x00000cd8       0x38 CMakeFiles/VLC_TX_GD32.elf.dir/Vehicle_Drivers/Src/vehicle_gpio_motor.c.obj
 .debug_ranges  0x00000d10       0x30 CMakeFiles/VLC_TX_GD32.elf.dir/Vehicle_Drivers/Src/vehicle_servo.c.obj

.debug_line     0x00000000    0x11670
 .debug_line    0x00000000      0x68f CMakeFiles/VLC_TX_GD32.elf.dir/Drivers/STM32F4xx_HAL_Driver/Src/stm32f4xx_hal.c.obj
 .debug_line    0x0000068f      0x86a CMakeFiles/VLC_TX_GD32.elf.dir/Drivers/STM32F4xx_HAL_Driver/Src/stm32f4xx_hal_cortex.c.obj
 .debug_line    0x00000ef9      0xecd CMakeFiles/VLC_TX_GD32.elf.dir/Drivers/STM32F4xx_HAL_Driver/Src/stm32f4xx_hal_dma.c.obj
 .debug_line    0x00001dc6      0x79e CMakeFiles/VLC_TX_GD32.elf.dir/Drivers/STM32F4xx_HAL_Driver/Src/stm32f4xx_hal_gpio.c.obj
 .debug_line    0x00002564      0x5a4 CMakeFiles/VLC_TX_GD32.elf.dir/Drivers/STM32F4xx_HAL_Driver/Src/stm32f4xx_hal_pwr_ex.c.obj
 .debug_line    0x00002b08      0xbb8 CMakeFiles/VLC_TX_GD32.elf.dir/Drivers/STM32F4xx_HAL_Driver/Src/stm32f4xx_hal_rcc.c.obj
 .debug_line    0x000036c0     0x4b4a CMakeFiles/VLC_TX_GD32.elf.dir/Drivers/STM32F4xx_HAL_Driver/Src/stm32f4xx_hal_tim.c.obj
 .debug_line    0x0000820a     0x1d6e CMakeFiles/VLC_TX_GD32.elf.dir/Drivers/STM32F4xx_HAL_Driver/Src/stm32f4xx_hal_tim_ex.c.obj
 .debug_line    0x00009f78     0x46e0 CMakeFiles/VLC_TX_GD32.elf.dir/Drivers/STM32F4xx_HAL_Driver/Src/stm32f4xx_hal_uart.c.obj
 .debug_line    0x0000e658      0x228 CMakeFiles/VLC_TX_GD32.elf.dir/Src/dma.c.obj
 .debug_line    0x0000e880      0x2e7 CMakeFiles/VLC_TX_GD32.elf.dir/Src/gpio.c.obj
 .debug_line    0x0000eb67      0x5b0 CMakeFiles/VLC_TX_GD32.elf.dir/Src/main.c.obj
 .debug_line    0x0000f117      0x1b4 CMakeFiles/VLC_TX_GD32.elf.dir/Src/stm32f4xx_hal_msp.c.obj
 .debug_line    0x0000f2cb      0x45f CMakeFiles/VLC_TX_GD32.elf.dir/Src/stm32f4xx_it.c.obj
 .debug_line    0x0000f72a      0x27c CMakeFiles/VLC_TX_GD32.elf.dir/Src/system_stm32f4xx.c.obj
 .debug_line    0x0000f9a6      0x5a9 CMakeFiles/VLC_TX_GD32.elf.dir/Src/tim.c.obj
 .debug_line    0x0000ff4f      0x551 CMakeFiles/VLC_TX_GD32.elf.dir/Src/usart.c.obj
 .debug_line    0x000104a0       0xca CMakeFiles/VLC_TX_GD32.elf.dir/Startup/startup_stm32f427vitx.s.obj
 .debug_line    0x0001056a      0x280 CMakeFiles/VLC_TX_GD32.elf.dir/VLC_Drivers/Src/VLC_decoder.c.obj
 .debug_line    0x000107ea      0x53d CMakeFiles/VLC_TX_GD32.elf.dir/VLC_Drivers/Src/VLC_receiver.c.obj
 .debug_line    0x00010d27      0x2e8 CMakeFiles/VLC_TX_GD32.elf.dir/VLC_Drivers/Src/VLC_timer.c.obj
 .debug_line    0x0001100f      0x345 CMakeFiles/VLC_TX_GD32.elf.dir/Vehicle_Drivers/Src/vehicle_gpio_motor.c.obj
 .debug_line    0x00011354      0x31c CMakeFiles/VLC_TX_GD32.elf.dir/Vehicle_Drivers/Src/vehicle_servo.c.obj

.debug_str      0x00000000     0x4794
 .debug_str     0x00000000      0xc1c CMakeFiles/VLC_TX_GD32.elf.dir/Drivers/STM32F4xx_HAL_Driver/Src/stm32f4xx_hal.c.obj
                                0xc75 (size before relaxing)
 .debug_str     0x00000c1c      0x503 CMakeFiles/VLC_TX_GD32.elf.dir/Drivers/STM32F4xx_HAL_Driver/Src/stm32f4xx_hal_cortex.c.obj
                                0xcf9 (size before relaxing)
 .debug_str     0x0000111f      0x579 CMakeFiles/VLC_TX_GD32.elf.dir/Drivers/STM32F4xx_HAL_Driver/Src/stm32f4xx_hal_dma.c.obj
                                0x7f6 (size before relaxing)
 .debug_str     0x00001698      0x220 CMakeFiles/VLC_TX_GD32.elf.dir/Drivers/STM32F4xx_HAL_Driver/Src/stm32f4xx_hal_gpio.c.obj
                                0x573 (size before relaxing)
 .debug_str     0x000018b8      0x1ab CMakeFiles/VLC_TX_GD32.elf.dir/Drivers/STM32F4xx_HAL_Driver/Src/stm32f4xx_hal_pwr_ex.c.obj
                                0x55e (size before relaxing)
 .debug_str     0x00001a63      0x35c CMakeFiles/VLC_TX_GD32.elf.dir/Drivers/STM32F4xx_HAL_Driver/Src/stm32f4xx_hal_rcc.c.obj
                                0x799 (size before relaxing)
 .debug_str     0x00001dbf     0x11e9 CMakeFiles/VLC_TX_GD32.elf.dir/Drivers/STM32F4xx_HAL_Driver/Src/stm32f4xx_hal_tim.c.obj
                               0x1739 (size before relaxing)
 .debug_str     0x00002fa8      0x5db CMakeFiles/VLC_TX_GD32.elf.dir/Drivers/STM32F4xx_HAL_Driver/Src/stm32f4xx_hal_tim_ex.c.obj
                                0xf3a (size before relaxing)
 .debug_str     0x00003583      0x83e CMakeFiles/VLC_TX_GD32.elf.dir/Drivers/STM32F4xx_HAL_Driver/Src/stm32f4xx_hal_uart.c.obj
                                0xdd9 (size before relaxing)
 .debug_str     0x00003dc1       0x60 CMakeFiles/VLC_TX_GD32.elf.dir/Src/dma.c.obj
                                0x89e (size before relaxing)
 .debug_str     0x00003e21       0x62 CMakeFiles/VLC_TX_GD32.elf.dir/Src/gpio.c.obj
                                0x95d (size before relaxing)
 .debug_str     0x00003e83      0x179 CMakeFiles/VLC_TX_GD32.elf.dir/Src/main.c.obj
                                0xa6c (size before relaxing)
 .debug_str     0x00003ffc       0x62 CMakeFiles/VLC_TX_GD32.elf.dir/Src/stm32f4xx_hal_msp.c.obj
                                0x349 (size before relaxing)
 .debug_str     0x0000405e      0x173 CMakeFiles/VLC_TX_GD32.elf.dir/Src/stm32f4xx_it.c.obj
                                0xaba (size before relaxing)
 .debug_str     0x000041d1       0x8c CMakeFiles/VLC_TX_GD32.elf.dir/Src/system_stm32f4xx.c.obj
                                0x3af (size before relaxing)
 .debug_str     0x0000425d       0x98 CMakeFiles/VLC_TX_GD32.elf.dir/Src/tim.c.obj
                               0x10b6 (size before relaxing)
 .debug_str     0x000042f5       0x61 CMakeFiles/VLC_TX_GD32.elf.dir/Src/usart.c.obj
                                0xe4e (size before relaxing)
 .debug_str     0x00004356       0x78 CMakeFiles/VLC_TX_GD32.elf.dir/Startup/startup_stm32f427vitx.s.obj
                                 0xd4 (size before relaxing)
 .debug_str     0x000043ce       0xc2 CMakeFiles/VLC_TX_GD32.elf.dir/VLC_Drivers/Src/VLC_decoder.c.obj
                                0x28a (size before relaxing)
 .debug_str     0x00004490       0xfd CMakeFiles/VLC_TX_GD32.elf.dir/VLC_Drivers/Src/VLC_receiver.c.obj
                               0x1013 (size before relaxing)
 .debug_str     0x0000458d       0x66 CMakeFiles/VLC_TX_GD32.elf.dir/VLC_Drivers/Src/VLC_timer.c.obj
                                0x76c (size before relaxing)
 .debug_str     0x000045f3      0x108 CMakeFiles/VLC_TX_GD32.elf.dir/Vehicle_Drivers/Src/vehicle_gpio_motor.c.obj
                                0x363 (size before relaxing)
 .debug_str     0x000046fb       0x99 CMakeFiles/VLC_TX_GD32.elf.dir/Vehicle_Drivers/Src/vehicle_servo.c.obj
                                0x7f0 (size before relaxing)

.comment        0x00000000       0x49
 .comment       0x00000000       0x49 CMakeFiles/VLC_TX_GD32.elf.dir/Drivers/STM32F4xx_HAL_Driver/Src/stm32f4xx_hal.c.obj
                                 0x4a (size before relaxing)
 .comment       0x00000049       0x4a CMakeFiles/VLC_TX_GD32.elf.dir/Drivers/STM32F4xx_HAL_Driver/Src/stm32f4xx_hal_cortex.c.obj
 .comment       0x00000049       0x4a CMakeFiles/VLC_TX_GD32.elf.dir/Drivers/STM32F4xx_HAL_Driver/Src/stm32f4xx_hal_dma.c.obj
 .comment       0x00000049       0x4a CMakeFiles/VLC_TX_GD32.elf.dir/Drivers/STM32F4xx_HAL_Driver/Src/stm32f4xx_hal_gpio.c.obj
 .comment       0x00000049       0x4a CMakeFiles/VLC_TX_GD32.elf.dir/Drivers/STM32F4xx_HAL_Driver/Src/stm32f4xx_hal_pwr_ex.c.obj
 .comment       0x00000049       0x4a CMakeFiles/VLC_TX_GD32.elf.dir/Drivers/STM32F4xx_HAL_Driver/Src/stm32f4xx_hal_rcc.c.obj
 .comment       0x00000049       0x4a CMakeFiles/VLC_TX_GD32.elf.dir/Drivers/STM32F4xx_HAL_Driver/Src/stm32f4xx_hal_tim.c.obj
 .comment       0x00000049       0x4a CMakeFiles/VLC_TX_GD32.elf.dir/Drivers/STM32F4xx_HAL_Driver/Src/stm32f4xx_hal_tim_ex.c.obj
 .comment       0x00000049       0x4a CMakeFiles/VLC_TX_GD32.elf.dir/Drivers/STM32F4xx_HAL_Driver/Src/stm32f4xx_hal_uart.c.obj
 .comment       0x00000049       0x4a CMakeFiles/VLC_TX_GD32.elf.dir/Src/dma.c.obj
 .comment       0x00000049       0x4a CMakeFiles/VLC_TX_GD32.elf.dir/Src/gpio.c.obj
 .comment       0x00000049       0x4a CMakeFiles/VLC_TX_GD32.elf.dir/Src/main.c.obj
 .comment       0x00000049       0x4a CMakeFiles/VLC_TX_GD32.elf.dir/Src/stm32f4xx_hal_msp.c.obj
 .comment       0x00000049       0x4a CMakeFiles/VLC_TX_GD32.elf.dir/Src/stm32f4xx_it.c.obj
 .comment       0x00000049       0x4a CMakeFiles/VLC_TX_GD32.elf.dir/Src/system_stm32f4xx.c.obj
 .comment       0x00000049       0x4a CMakeFiles/VLC_TX_GD32.elf.dir/Src/tim.c.obj
 .comment       0x00000049       0x4a CMakeFiles/VLC_TX_GD32.elf.dir/Src/usart.c.obj
 .comment       0x00000049       0x4a CMakeFiles/VLC_TX_GD32.elf.dir/VLC_Drivers/Src/VLC_decoder.c.obj
 .comment       0x00000049       0x4a CMakeFiles/VLC_TX_GD32.elf.dir/VLC_Drivers/Src/VLC_receiver.c.obj
 .comment       0x00000049       0x4a CMakeFiles/VLC_TX_GD32.elf.dir/VLC_Drivers/Src/VLC_timer.c.obj
 .comment       0x00000049       0x4a CMakeFiles/VLC_TX_GD32.elf.dir/Vehicle_Drivers/Src/vehicle_gpio_motor.c.obj
 .comment       0x00000049       0x4a CMakeFiles/VLC_TX_GD32.elf.dir/Vehicle_Drivers/Src/vehicle_servo.c.obj

.debug_frame    0x00000000     0x24e0
 .debug_frame   0x00000000      0x20c CMakeFiles/VLC_TX_GD32.elf.dir/Drivers/STM32F4xx_HAL_Driver/Src/stm32f4xx_hal.c.obj
 .debug_frame   0x0000020c      0x148 CMakeFiles/VLC_TX_GD32.elf.dir/Drivers/STM32F4xx_HAL_Driver/Src/stm32f4xx_hal_cortex.c.obj
 .debug_frame   0x00000354      0x188 CMakeFiles/VLC_TX_GD32.elf.dir/Drivers/STM32F4xx_HAL_Driver/Src/stm32f4xx_hal_dma.c.obj
 .debug_frame   0x000004dc       0xd8 CMakeFiles/VLC_TX_GD32.elf.dir/Drivers/STM32F4xx_HAL_Driver/Src/stm32f4xx_hal_gpio.c.obj
 .debug_frame   0x000005b4       0xf4 CMakeFiles/VLC_TX_GD32.elf.dir/Drivers/STM32F4xx_HAL_Driver/Src/stm32f4xx_hal_pwr_ex.c.obj
 .debug_frame   0x000006a8      0x16c CMakeFiles/VLC_TX_GD32.elf.dir/Drivers/STM32F4xx_HAL_Driver/Src/stm32f4xx_hal_rcc.c.obj
 .debug_frame   0x00000814      0xb04 CMakeFiles/VLC_TX_GD32.elf.dir/Drivers/STM32F4xx_HAL_Driver/Src/stm32f4xx_hal_tim.c.obj
 .debug_frame   0x00001318      0x40c CMakeFiles/VLC_TX_GD32.elf.dir/Drivers/STM32F4xx_HAL_Driver/Src/stm32f4xx_hal_tim_ex.c.obj
 .debug_frame   0x00001724      0x5cc CMakeFiles/VLC_TX_GD32.elf.dir/Drivers/STM32F4xx_HAL_Driver/Src/stm32f4xx_hal_uart.c.obj
 .debug_frame   0x00001cf0       0x30 CMakeFiles/VLC_TX_GD32.elf.dir/Src/dma.c.obj
 .debug_frame   0x00001d20       0x34 CMakeFiles/VLC_TX_GD32.elf.dir/Src/gpio.c.obj
 .debug_frame   0x00001d54       0x60 CMakeFiles/VLC_TX_GD32.elf.dir/Src/main.c.obj
 .debug_frame   0x00001db4       0x28 CMakeFiles/VLC_TX_GD32.elf.dir/Src/stm32f4xx_hal_msp.c.obj
 .debug_frame   0x00001ddc      0x120 CMakeFiles/VLC_TX_GD32.elf.dir/Src/stm32f4xx_it.c.obj
 .debug_frame   0x00001efc       0x30 CMakeFiles/VLC_TX_GD32.elf.dir/Src/system_stm32f4xx.c.obj
 .debug_frame   0x00001f2c       0xc8 CMakeFiles/VLC_TX_GD32.elf.dir/Src/tim.c.obj
 .debug_frame   0x00001ff4       0x7c CMakeFiles/VLC_TX_GD32.elf.dir/Src/usart.c.obj
 .debug_frame   0x00002070       0x48 CMakeFiles/VLC_TX_GD32.elf.dir/VLC_Drivers/Src/VLC_decoder.c.obj
 .debug_frame   0x000020b8       0x8c CMakeFiles/VLC_TX_GD32.elf.dir/VLC_Drivers/Src/VLC_receiver.c.obj
 .debug_frame   0x00002144       0x30 CMakeFiles/VLC_TX_GD32.elf.dir/VLC_Drivers/Src/VLC_timer.c.obj
 .debug_frame   0x00002174       0xa0 CMakeFiles/VLC_TX_GD32.elf.dir/Vehicle_Drivers/Src/vehicle_gpio_motor.c.obj
 .debug_frame   0x00002214       0x80 CMakeFiles/VLC_TX_GD32.elf.dir/Vehicle_Drivers/Src/vehicle_servo.c.obj
 .debug_frame   0x00002294       0x2c c:/progra~1/gcc-ar~1.10/bin/../lib/gcc/arm-none-eabi/10.3.1/thumb/v7e-m/nofp\libgcc.a(_aeabi_uldivmod.o)
 .debug_frame   0x000022c0       0x34 c:/progra~1/gcc-ar~1.10/bin/../lib/gcc/arm-none-eabi/10.3.1/thumb/v7e-m/nofp\libgcc.a(_udivmoddi4.o)
 .debug_frame   0x000022f4       0x2c c:/progra~1/gcc-ar~1.10/bin/../lib/gcc/arm-none-eabi/10.3.1/../../../../arm-none-eabi/lib/thumb/v7e-m/nofp\libg.a(lib_a-init.o)
 .debug_frame   0x00002320       0x2c c:/progra~1/gcc-ar~1.10/bin/../lib/gcc/arm-none-eabi/10.3.1/../../../../arm-none-eabi/lib/thumb/v7e-m/nofp\libg.a(lib_a-memset.o)
 .debug_frame   0x0000234c       0x5c c:/progra~1/gcc-ar~1.10/bin/../lib/gcc/arm-none-eabi/10.3.1/../../../../arm-none-eabi/lib/thumb/v7e-m/nofp\libg.a(lib_a-__call_atexit.o)
 .debug_frame   0x000023a8       0x20 c:/progra~1/gcc-ar~1.10/bin/../lib/gcc/arm-none-eabi/10.3.1/../../../../arm-none-eabi/lib/thumb/v7e-m/nofp\libg.a(lib_a-atexit.o)
 .debug_frame   0x000023c8       0x34 c:/progra~1/gcc-ar~1.10/bin/../lib/gcc/arm-none-eabi/10.3.1/../../../../arm-none-eabi/lib/thumb/v7e-m/nofp\libg.a(lib_a-fini.o)
 .debug_frame   0x000023fc       0xb0 c:/progra~1/gcc-ar~1.10/bin/../lib/gcc/arm-none-eabi/10.3.1/../../../../arm-none-eabi/lib/thumb/v7e-m/nofp\libg.a(lib_a-lock.o)
 .debug_frame   0x000024ac       0x34 c:/progra~1/gcc-ar~1.10/bin/../lib/gcc/arm-none-eabi/10.3.1/../../../../arm-none-eabi/lib/thumb/v7e-m/nofp\libg.a(lib_a-__atexit.o)
